
> app@0.1.0 build
> next build --webpack

Ôû▓ Next.js 16.1.6 (webpack)
- Environments: .env.local
- Experiments (use with caution):
  ┬À serverActions

  Creating an optimized production build ...
Ô£ô (serwist) Bundling the service worker script with the URL '/sw.js' and the scope '/'...
Ô£ô Compiled successfully in 44s
  Running TypeScript ...
  Collecting page data using 15 workers ...
node.exe : ÔÜá Using edge runtime on a page currently disables static 
generation for that page
At C:\Program Files\nodejs\npm.ps1:29 char:3
+   & $NODE_EXE $NPM_CLI_JS $args
+   ~~~~~~~~~~~~~~~~~~~~~~~~~~~~~
    + CategoryInfo          : NotSpecified: (ÔÜá Using edge ...n for that page 
   :String) [], RemoteException
    + FullyQualifiedErrorId : NativeCommandError
 
  Generating static pages using 15 workers (0/100) ...
[INFO] ­ƒöæ Initializing Firebase Admin with service account JSON file undefined
  Generating static pages using 15 workers (25/100) 
  Generating static pages using 15 workers (50/100) 
  Generating static pages using 15 workers (75/100) 
Ô£ô Generating static pages using 15 workers (100/100) in 5.1s
  Finalizing page optimization ...
  Collecting build traces ...

Route (app)                                   Revalidate  Expire
Ôöî ãÆ /_not-found
Ôö£ ãÆ /[locale]
Ôö£ ãÆ /[locale]/about
Ôö£ ãÆ /[locale]/admin/analytics
Ôö£ ãÆ /[locale]/admin/bids/[[...action]]
Ôö£ ãÆ /[locale]/admin/blog/[[...action]]
Ôö£ ãÆ /[locale]/admin/carousel/[[...action]]
Ôö£ ãÆ /[locale]/admin/categories/[[...action]]
Ôö£ ãÆ /[locale]/admin/coupons/[[...action]]
Ôö£ ãÆ /[locale]/admin/dashboard
Ôö£ ãÆ /[locale]/admin/events
Ôö£ ãÆ /[locale]/admin/events/[id]/entries
Ôö£ ãÆ /[locale]/admin/faqs/[[...action]]
Ôö£ ãÆ /[locale]/admin/feature-flags
Ôö£ ãÆ /[locale]/admin/media
Ôö£ ãÆ /[locale]/admin/navigation
Ôö£ ãÆ /[locale]/admin/orders/[[...action]]
Ôö£ ãÆ /[locale]/admin/payouts
Ôö£ ãÆ /[locale]/admin/products/[[...action]]
Ôö£ ãÆ /[locale]/admin/reviews/[[...action]]
Ôö£ ãÆ /[locale]/admin/sections/[[...action]]
Ôö£ ãÆ /[locale]/admin/site
Ôö£ ãÆ /[locale]/admin/stores
Ôö£ ãÆ /[locale]/admin/users/[[...action]]
Ôö£ ãÆ /[locale]/auctions
Ôö£ ãÆ /[locale]/auctions/[id]
Ôö£ ãÆ /[locale]/auth/close
Ôö£ ãÆ /[locale]/auth/forgot-password
Ôö£ ãÆ /[locale]/auth/login
Ôö£ ãÆ /[locale]/auth/oauth-loading
Ôö£ ãÆ /[locale]/auth/register
Ôö£ ãÆ /[locale]/auth/reset-password
Ôö£ ãÆ /[locale]/auth/verify-email
Ôö£ ãÆ /[locale]/blog
Ôö£ ãÆ /[locale]/blog/[slug]
Ôö£ ãÆ /[locale]/cart
Ôö£ ãÆ /[locale]/categories
Ôö£ ãÆ /[locale]/categories/[slug]
Ôö£ ãÆ /[locale]/checkout
Ôö£ ãÆ /[locale]/checkout/success
Ôö£ ãÆ /[locale]/contact
Ôö£ ãÆ /[locale]/cookies
Ôö£ ãÆ /[locale]/demo/algolia
Ôö£ ãÆ /[locale]/demo/seed
Ôö£ ãÆ /[locale]/events
Ôö£ ãÆ /[locale]/events/[id]
Ôö£ ãÆ /[locale]/events/[id]/participate
Ôö£ ãÆ /[locale]/faqs
Ôö£ ÔùÅ /[locale]/faqs/[category]
Ôö£ ãÆ /[locale]/fees
Ôö£ ãÆ /[locale]/help
Ôö£ ãÆ /[locale]/how-auctions-work
Ôö£ ãÆ /[locale]/how-checkout-works
Ôö£ ãÆ /[locale]/how-offers-work
Ôö£ ãÆ /[locale]/how-orders-work
Ôö£ ãÆ /[locale]/how-payouts-work
Ôö£ ãÆ /[locale]/how-pre-orders-work
Ôö£ ãÆ /[locale]/how-reviews-work
Ôö£ ãÆ /[locale]/pre-orders
Ôö£ ãÆ /[locale]/pre-orders/[id]
Ôö£ ãÆ /[locale]/privacy
Ôö£ ãÆ /[locale]/products
Ôö£ ãÆ /[locale]/products/[slug]
Ôö£ ãÆ /[locale]/profile/[userId]
Ôö£ ãÆ /[locale]/promotions
Ôö£ ãÆ /[locale]/refund-policy
Ôö£ ãÆ /[locale]/reviews
Ôö£ ãÆ /[locale]/search
Ôö£ ãÆ /[locale]/security
Ôö£ ãÆ /[locale]/seller
Ôö£ ãÆ /[locale]/seller-guide
Ôö£ ãÆ /[locale]/seller/addresses
Ôö£ ãÆ /[locale]/seller/analytics
Ôö£ ãÆ /[locale]/seller/auctions
Ôö£ ãÆ /[locale]/seller/coupons
Ôö£ ãÆ /[locale]/seller/coupons/new
Ôö£ ãÆ /[locale]/seller/offers
Ôö£ ãÆ /[locale]/seller/orders
Ôö£ ãÆ /[locale]/seller/payout-settings
Ôö£ ãÆ /[locale]/seller/payouts
Ôö£ ãÆ /[locale]/seller/products
Ôö£ ãÆ /[locale]/seller/products/[id]/edit
Ôö£ ãÆ /[locale]/seller/products/new
Ôö£ ãÆ /[locale]/seller/shipping
Ôö£ ãÆ /[locale]/seller/store
Ôö£ ãÆ /[locale]/sellers
Ôö£ ãÆ /[locale]/sellers/[id]
Ôö£ ãÆ /[locale]/shipping-policy
Ôö£ ãÆ /[locale]/stores
Ôö£ ãÆ /[locale]/stores/[storeSlug]
Ôö£ ãÆ /[locale]/stores/[storeSlug]/about
Ôö£ ãÆ /[locale]/stores/[storeSlug]/auctions
Ôö£ ãÆ /[locale]/stores/[storeSlug]/products
Ôö£ ãÆ /[locale]/stores/[storeSlug]/reviews
Ôö£ ãÆ /[locale]/terms
Ôö£ ãÆ /[locale]/track
Ôö£ ãÆ /[locale]/unauthorized
Ôö£ ãÆ /[locale]/user
Ôö£ ãÆ /[locale]/user/addresses
Ôö£ ãÆ /[locale]/user/addresses/add
Ôö£ ãÆ /[locale]/user/addresses/edit/[id]
Ôö£ ãÆ /[locale]/user/become-seller
Ôö£ ãÆ /[locale]/user/messages
Ôö£ ãÆ /[locale]/user/notifications
Ôö£ ãÆ /[locale]/user/offers
Ôö£ ãÆ /[locale]/user/orders
Ôö£ ãÆ /[locale]/user/orders/[id]/track
Ôö£ ãÆ /[locale]/user/orders/view/[id]
Ôö£ ãÆ /[locale]/user/profile
Ôö£ ãÆ /[locale]/user/settings
Ôö£ ãÆ /[locale]/user/wishlist
Ôö£ ãÆ /api/admin/algolia/clear-categories
Ôö£ ãÆ /api/admin/algolia/clear-pages
Ôö£ ãÆ /api/admin/algolia/clear-products
Ôö£ ãÆ /api/admin/algolia/clear-stores
Ôö£ ãÆ /api/admin/algolia/sync
Ôö£ ãÆ /api/admin/algolia/sync-categories
Ôö£ ãÆ /api/admin/algolia/sync-pages
Ôö£ ãÆ /api/admin/algolia/sync-stores
Ôö£ ãÆ /api/admin/analytics
Ôö£ ãÆ /api/admin/bids
Ôö£ ãÆ /api/admin/blog
Ôö£ ãÆ /api/admin/blog/[id]
Ôö£ ãÆ /api/admin/coupons
Ôö£ ãÆ /api/admin/coupons/[id]
Ôö£ ãÆ /api/admin/dashboard
Ôö£ ãÆ /api/admin/events
Ôö£ ãÆ /api/admin/events/[id]
Ôö£ ãÆ /api/admin/events/[id]/entries
Ôö£ ãÆ /api/admin/events/[id]/entries/[entryId]
Ôö£ ãÆ /api/admin/events/[id]/stats
Ôö£ ãÆ /api/admin/events/[id]/status
Ôö£ ãÆ /api/admin/newsletter
Ôö£ ãÆ /api/admin/newsletter/[id]
Ôö£ ãÆ /api/admin/orders
Ôö£ ãÆ /api/admin/orders/[id]
Ôö£ ãÆ /api/admin/orders/[id]/refund
Ôö£ ãÆ /api/admin/payouts
Ôö£ ãÆ /api/admin/payouts/[id]
Ôö£ ãÆ /api/admin/payouts/weekly
Ôö£ ãÆ /api/admin/products
Ôö£ ãÆ /api/admin/products/[id]
Ôö£ ãÆ /api/admin/reviews
Ôö£ ãÆ /api/admin/sessions
Ôö£ ãÆ /api/admin/sessions/[id]
Ôö£ ãÆ /api/admin/sessions/revoke-user
Ôö£ ãÆ /api/admin/stores
Ôö£ ãÆ /api/admin/stores/[uid]
Ôö£ ãÆ /api/admin/users
Ôö£ ãÆ /api/admin/users/[uid]
Ôö£ ãÆ /api/auth/event/init
Ôö£ ãÆ /api/auth/forgot-password
Ôö£ ãÆ /api/auth/google/callback
Ôö£ ãÆ /api/auth/google/start
Ôö£ ãÆ /api/auth/login
Ôö£ ãÆ /api/auth/logout
Ôö£ ãÆ /api/auth/register
Ôö£ ãÆ /api/auth/reset-password
Ôö£ ãÆ /api/auth/send-verification
Ôö£ ãÆ /api/auth/session
Ôö£ ãÆ /api/auth/session/activity
Ôö£ ãÆ /api/auth/session/validate
Ôö£ ãÆ /api/auth/verify-email
Ôö£ ãÆ /api/bids
Ôö£ ãÆ /api/bids/[id]
Ôö£ ãÆ /api/blog
Ôö£ ãÆ /api/blog/[slug]
Ôö£ ãÆ /api/cache/revalidate
Ôö£ ãÆ /api/carousel
Ôö£ ãÆ /api/carousel/[id]
Ôö£ ãÆ /api/cart
Ôö£ ãÆ /api/cart/[itemId]
Ôö£ ãÆ /api/cart/merge
Ôö£ ãÆ /api/categories
Ôö£ ãÆ /api/categories/[id]
Ôö£ ãÆ /api/chat
Ôö£ ãÆ /api/chat/[chatId]
Ôö£ ãÆ /api/chat/[chatId]/messages
Ôö£ ãÆ /api/checkout
Ôö£ ãÆ /api/checkout/preflight
Ôö£ ãÆ /api/contact
Ôö£ ãÆ /api/coupons/validate
Ôö£ ãÆ /api/demo/algolia
Ôö£ ãÆ /api/demo/seed
Ôö£ ãÆ /api/events
Ôö£ ãÆ /api/events/[id]
Ôö£ ãÆ /api/events/[id]/enter
Ôö£ ãÆ /api/events/[id]/leaderboard
Ôö£ ãÆ /api/faqs
Ôö£ ãÆ /api/faqs/[id]
Ôö£ ãÆ /api/faqs/[id]/vote
Ôö£ ãÆ /api/homepage-sections
Ôö£ ãÆ /api/homepage-sections/[id]
Ôö£ ãÆ /api/logs/write
Ôö£ ãÆ /api/media/crop
Ôö£ ãÆ /api/media/trim
Ôö£ ãÆ /api/media/upload
Ôö£ ãÆ /api/newsletter/subscribe
Ôö£ ãÆ /api/notifications
Ôö£ ãÆ /api/notifications/[id]
Ôö£ ãÆ /api/notifications/read-all
Ôö£ ãÆ /api/notifications/unread-count
Ôö£ ãÆ /api/orders/[id]/invoice
Ôö£ ãÆ /api/payment/create-order
Ôö£ ãÆ /api/payment/event/init
Ôö£ ãÆ /api/payment/otp/request
Ôö£ ãÆ /api/payment/preorder
Ôö£ ãÆ /api/payment/verify
Ôö£ ãÆ /api/payment/webhook
Ôö£ ãÆ /api/products
Ôö£ ãÆ /api/products/[id]
Ôö£ ãÆ /api/profile/[userId]
Ôö£ ãÆ /api/profile/[userId]/reviews
Ôö£ ãÆ /api/profile/add-phone
Ôö£ ãÆ /api/profile/delete-account
Ôö£ ãÆ /api/profile/verify-phone
Ôö£ ãÆ /api/promotions
Ôö£ ãÆ /api/realtime/bids/[id]
Ôö£ ãÆ /api/realtime/token
Ôö£ ãÆ /api/reviews
Ôö£ ãÆ /api/reviews/[id]
Ôö£ ãÆ /api/reviews/[id]/vote
Ôö£ ãÆ /api/search
Ôö£ ãÆ /api/seller/analytics
Ôö£ ãÆ /api/seller/coupons
Ôö£ ãÆ /api/seller/offers
Ôö£ ãÆ /api/seller/orders
Ôö£ ãÆ /api/seller/orders/[id]/ship
Ôö£ ãÆ /api/seller/payout-settings
Ôö£ ãÆ /api/seller/payouts
Ôö£ ãÆ /api/seller/products
Ôö£ ãÆ /api/seller/shipping
Ôö£ ãÆ /api/seller/shipping/verify-pickup
Ôö£ ãÆ /api/seller/store
Ôö£ ãÆ /api/site-settings
Ôö£ ãÆ /api/stores
Ôö£ ãÆ /api/stores/[storeSlug]
Ôö£ ãÆ /api/stores/[storeSlug]/auctions
Ôö£ ãÆ /api/stores/[storeSlug]/products
Ôö£ ãÆ /api/stores/[storeSlug]/reviews
Ôö£ ãÆ /api/user/addresses
Ôö£ ãÆ /api/user/addresses/[id]
Ôö£ ãÆ /api/user/addresses/[id]/set-default
Ôö£ ãÆ /api/user/become-seller
Ôö£ ãÆ /api/user/change-password
Ôö£ ãÆ /api/user/offers
Ôö£ ãÆ /api/user/orders
Ôö£ ãÆ /api/user/orders/[id]
Ôö£ ãÆ /api/user/orders/[id]/cancel
Ôö£ ãÆ /api/user/profile
Ôö£ ãÆ /api/user/sessions
Ôö£ ãÆ /api/user/sessions/[id]
Ôö£ ãÆ /api/user/wishlist
Ôö£ ãÆ /api/user/wishlist/[productId]
Ôö£ ãÆ /api/webhooks/shiprocket
Ôö£ Ôùï /manifest.webmanifest
Ôö£ ãÆ /opengraph-image
Ôö£ Ôùï /robots.txt
Ôöö Ôùï /sitemap.xml                                      1h      1y


ãÆ Proxy (Middleware)

Ôùï  (Static)   prerendered as static content
ÔùÅ  (SSG)      prerendered as static HTML (uses generateStaticParams)
ãÆ  (Dynamic)  server-rendered on demand

