node.exe : npm verbose cli C:\Program Files\nodejs\node.exe 
C:\Users\mohsi\AppData\Roaming\npm\node_modules\npm\bin\npm-cli.js
At C:\Program Files\nodejs\npm.ps1:29 char:3
+   & $NODE_EXE $NPM_CLI_JS $args
+   ~~~~~~~~~~~~~~~~~~~~~~~~~~~~~
    + CategoryInfo          : NotSpecified: (npm verbose cli...\bin\npm-cli.js 
   :String) [], RemoteException
    + FullyQualifiedErrorId : NativeCommandError
 
npm info using npm@10.8.1
npm info using node@v22.17.0
npm verbose title npm test verify-payment/route.test.ts
npm verbose argv "test" "verify-payment/route.test.ts" "--loglevel" "verbose"
npm verbose logfile logs-max:10 
dir:C:\Users\mohsi\AppData\Local\npm-cache\_logs\2025-11-26T08_36_52_668Z-
npm verbose logfile C:\Users\mohsi\AppData\Local\npm-cache\_logs\2025-11-26T08_
36_52_668Z-debug-0.log

> letitrip-ecommerce@1.0.0 test
> jest verify-payment/route.test.ts

  console.error
    Payment signature mismatch: {
      order_ids: [ 'order123' ],
      razorpay_order_id: 'rzp_order123',
      razorpay_payment_id: 'rzp_pay123'
    }

    [0m [90m 74 |[39m     [36mif[39m (generatedSignature [33m!==[39m razorpay_signature) {
     [90m 75 |[39m       [90m// In production, log this as potential fraud[39m
    [31m[1m>[22m[39m[90m 76 |[39m       console[33m.[39merror([32m"Payment signature mismatch:"[39m[33m,[39m {
     [90m    |[39m               [31m[1m^[22m[39m
     [90m 77 |[39m         order_ids[33m:[39m orderIdsToProcess[33m,[39m
     [90m 78 |[39m         razorpay_order_id[33m,[39m
     [90m 79 |[39m         razorpay_payment_id[33m,[39m[0m

      at error (src/app/api/checkout/verify-payment/route.ts:76:15)
      at Object.<anonymous> (src/app/api/checkout/verify-payment/route.test.ts:366:24)

  console.error
    Payment signature mismatch: {
      order_ids: [ 'order123' ],
      razorpay_order_id: 'rzp_order123',
      razorpay_payment_id: 'rzp_pay123'
    }

    [0m [90m 74 |[39m     [36mif[39m (generatedSignature [33m!==[39m razorpay_signature) {
     [90m 75 |[39m       [90m// In production, log this as potential fraud[39m
    [31m[1m>[22m[39m[90m 76 |[39m       console[33m.[39merror([32m"Payment signature mismatch:"[39m[33m,[39m {
     [90m    |[39m               [31m[1m^[22m[39m
     [90m 77 |[39m         order_ids[33m:[39m orderIdsToProcess[33m,[39m
     [90m 78 |[39m         razorpay_order_id[33m,[39m
     [90m 79 |[39m         razorpay_payment_id[33m,[39m[0m

      at error (src/app/api/checkout/verify-payment/route.ts:76:15)
      at Object.<anonymous> (src/app/api/checkout/verify-payment/route.test.ts:390:7)

  console.error
    Verify payment error: Error: Batch commit failed
        at Object.<anonymous> (D:\proj\justforview.in\src\app\api\checkout\verify-payment\route.test.ts:593:42)
        at Promise.finally.completed (D:\proj\justforview.in\node_modules\jest-circus\build\jestAdapterInit.js:1557:28)
        at new Promise (<anonymous>)
        at callAsyncCircusFn (D:\proj\justforview.in\node_modules\jest-circus\build\jestAdapterInit.js:1497:10)
        at _callCircusTest (D:\proj\justforview.in\node_modules\jest-circus\build\jestAdapterInit.js:1007:40)
        at processTicksAndRejections (node:internal/process/task_queues:105:5)
        at _runTest (D:\proj\justforview.in\node_modules\jest-circus\build\jestAdapterInit.js:947:3)
        at D:\proj\justforview.in\node_modules\jest-circus\build\jestAdapterInit.js:849:7
        at _runTestsForDescribeBlock (D:\proj\justforview.in\node_modules\jest-circus\build\jestAdapterInit.js:862:11)
        at _runTestsForDescribeBlock (D:\proj\justforview.in\node_modules\jest-circus\build\jestAdapterInit.js:857:11)
        at _runTestsForDescribeBlock (D:\proj\justforview.in\node_modules\jest-circus\build\jestAdapterInit.js:857:11)
        at run (D:\proj\justforview.in\node_modules\jest-circus\build\jestAdapterInit.js:761:3)
        at runAndTransformResultsToJestFormat (D:\proj\justforview.in\node_modules\jest-circus\build\jestAdapterInit.js:1918:21)
        at jestAdapter (D:\proj\justforview.in\node_modules\jest-circus\build\runner.js:101:19)
        at runTestInternal (D:\proj\justforview.in\node_modules\jest-runner\build\index.js:275:16)
        at runTest (D:\proj\justforview.in\node_modules\jest-runner\build\index.js:343:7)

    [0m [90m 189 |[39m     })[33m;[39m
     [90m 190 |[39m   } [36mcatch[39m (error[33m:[39m any) {
    [31m[1m>[22m[39m[90m 191 |[39m     console[33m.[39merror([32m"Verify payment error:"[39m[33m,[39m error)[33m;[39m
     [90m     |[39m             [31m[1m^[22m[39m
     [90m 192 |[39m     [36mreturn[39m [33mNextResponse[39m[33m.[39mjson(
     [90m 193 |[39m       { error[33m:[39m error[33m.[39mmessage [33m||[39m [32m"Failed to verify payment"[39m }[33m,[39m
     [90m 194 |[39m       { status[33m:[39m [35m500[39m }[0m

      at error (src/app/api/checkout/verify-payment/route.ts:191:13)
      at Object.<anonymous> (src/app/api/checkout/verify-payment/route.test.ts:605:24)

  console.error
    Verify payment error: Error: Database error
        at Object.<anonymous> (D:\proj\justforview.in\src\app\api\checkout\verify-payment\route.test.ts:613:55)
        at Promise.finally.completed (D:\proj\justforview.in\node_modules\jest-circus\build\jestAdapterInit.js:1557:28)
        at new Promise (<anonymous>)
        at callAsyncCircusFn (D:\proj\justforview.in\node_modules\jest-circus\build\jestAdapterInit.js:1497:10)
        at _callCircusTest (D:\proj\justforview.in\node_modules\jest-circus\build\jestAdapterInit.js:1007:40)
        at processTicksAndRejections (node:internal/process/task_queues:105:5)
        at _runTest (D:\proj\justforview.in\node_modules\jest-circus\build\jestAdapterInit.js:947:3)
        at D:\proj\justforview.in\node_modules\jest-circus\build\jestAdapterInit.js:849:7
        at _runTestsForDescribeBlock (D:\proj\justforview.in\node_modules\jest-circus\build\jestAdapterInit.js:862:11)
        at _runTestsForDescribeBlock (D:\proj\justforview.in\node_modules\jest-circus\build\jestAdapterInit.js:857:11)
        at _runTestsForDescribeBlock (D:\proj\justforview.in\node_modules\jest-circus\build\jestAdapterInit.js:857:11)
        at run (D:\proj\justforview.in\node_modules\jest-circus\build\jestAdapterInit.js:761:3)
        at runAndTransformResultsToJestFormat (D:\proj\justforview.in\node_modules\jest-circus\build\jestAdapterInit.js:1918:21)
        at jestAdapter (D:\proj\justforview.in\node_modules\jest-circus\build\runner.js:101:19)
        at runTestInternal (D:\proj\justforview.in\node_modules\jest-runner\build\index.js:275:16)
        at runTest (D:\proj\justforview.in\node_modules\jest-runner\build\index.js:343:7)

    [0m [90m 189 |[39m     })[33m;[39m
     [90m 190 |[39m   } [36mcatch[39m (error[33m:[39m any) {
    [31m[1m>[22m[39m[90m 191 |[39m     console[33m.[39merror([32m"Verify payment error:"[39m[33m,[39m error)[33m;[39m
     [90m     |[39m             [31m[1m^[22m[39m
     [90m 192 |[39m     [36mreturn[39m [33mNextResponse[39m[33m.[39mjson(
     [90m 193 |[39m       { error[33m:[39m error[33m.[39mmessage [33m||[39m [32m"Failed to verify payment"[39m }[33m,[39m
     [90m 194 |[39m       { status[33m:[39m [35m500[39m }[0m

      at error (src/app/api/checkout/verify-payment/route.ts:191:13)
      at Object.<anonymous> (src/app/api/checkout/verify-payment/route.test.ts:625:24)

  console.error
    Verify payment error: Error: Product fetch failed
        at Object.<anonymous> (D:\proj\justforview.in\src\app\api\checkout\verify-payment\route.test.ts:633:57)
        at Promise.finally.completed (D:\proj\justforview.in\node_modules\jest-circus\build\jestAdapterInit.js:1557:28)
        at new Promise (<anonymous>)
        at callAsyncCircusFn (D:\proj\justforview.in\node_modules\jest-circus\build\jestAdapterInit.js:1497:10)
        at _callCircusTest (D:\proj\justforview.in\node_modules\jest-circus\build\jestAdapterInit.js:1007:40)
        at processTicksAndRejections (node:internal/process/task_queues:105:5)
        at _runTest (D:\proj\justforview.in\node_modules\jest-circus\build\jestAdapterInit.js:947:3)
        at D:\proj\justforview.in\node_modules\jest-circus\build\jestAdapterInit.js:849:7
        at _runTestsForDescribeBlock (D:\proj\justforview.in\node_modules\jest-circus\build\jestAdapterInit.js:862:11)
        at _runTestsForDescribeBlock (D:\proj\justforview.in\node_modules\jest-circus\build\jestAdapterInit.js:857:11)
        at _runTestsForDescribeBlock (D:\proj\justforview.in\node_modules\jest-circus\build\jestAdapterInit.js:857:11)
        at run (D:\proj\justforview.in\node_modules\jest-circus\build\jestAdapterInit.js:761:3)
        at runAndTransformResultsToJestFormat (D:\proj\justforview.in\node_modules\jest-circus\build\jestAdapterInit.js:1918:21)
        at jestAdapter (D:\proj\justforview.in\node_modules\jest-circus\build\runner.js:101:19)
        at runTestInternal (D:\proj\justforview.in\node_modules\jest-runner\build\index.js:275:16)
        at runTest (D:\proj\justforview.in\node_modules\jest-runner\build\index.js:343:7)

    [0m [90m 189 |[39m     })[33m;[39m
     [90m 190 |[39m   } [36mcatch[39m (error[33m:[39m any) {
    [31m[1m>[22m[39m[90m 191 |[39m     console[33m.[39merror([32m"Verify payment error:"[39m[33m,[39m error)[33m;[39m
     [90m     |[39m             [31m[1m^[22m[39m
     [90m 192 |[39m     [36mreturn[39m [33mNextResponse[39m[33m.[39mjson(
     [90m 193 |[39m       { error[33m:[39m error[33m.[39mmessage [33m||[39m [32m"Failed to verify payment"[39m }[33m,[39m
     [90m 194 |[39m       { status[33m:[39m [35m500[39m }[0m

      at error (src/app/api/checkout/verify-payment/route.ts:191:13)
      at Object.<anonymous> (src/app/api/checkout/verify-payment/route.test.ts:645:24)

FAIL src/app/api/checkout/verify-payment/route.test.ts
  POST /api/checkout/verify-payment
    Authentication
      ÔêÜ should return 401 if user is not authenticated (11 ms)
    Input Validation
      ÔêÜ should validate required razorpay_order_id field (4 ms)
      ÔêÜ should validate required razorpay_payment_id field (3 ms)
      ÔêÜ should validate required razorpay_signature field (2 ms)
      ÔêÜ should return error if no order IDs provided (9 ms)
      ÔêÜ should accept order_id (single order) for backward compatibility (4 
ms)
      ÔêÜ should accept order_ids array for multi-shop orders (2 ms)
    Order Validation
      ÔêÜ should return 404 if order not found (1 ms)
      ÔêÜ should return 403 if order does not belong to user (2 ms)
    Signature Verification
      ÔêÜ should verify Razorpay signature correctly (2 ms)
      ÔêÜ should return 400 if signature verification fails (33 ms)
      ÔêÜ should mark orders as failed if signature verification fails (4 ms)
    Successful Payment
      ÔêÜ should update order status to paid on successful verification (2 ms)
      ÔêÜ should reduce product stock after successful payment (2 ms)
      ÔêÜ should not reduce stock below zero (1 ms)
      ÔêÜ should commit all updates in a batch (2 ms)
      ├ù should return success response with order details (2 ms)
    Multi-Shop Orders
      ÔêÜ should handle multiple orders in a single payment (1 ms)
      ├ù should update all orders to paid status (3 ms)
      ÔêÜ should calculate stock reduction across multiple orders (2 ms)
    Error Handling
      ÔêÜ should handle batch commit errors gracefully (9 ms)
      ÔêÜ should handle batchGetOrders errors (3 ms)
      ÔêÜ should handle batchGetProducts errors (5 ms)

  ÔùÅ POST /api/checkout/verify-payment ÔÇ║ Successful Payment ÔÇ║ should 
return success response with order details

    expect(received).toBeDefined()

    Received: undefined

    [0m [90m 505 |[39m       
expect(response[33m.[39mstatus)[33m.[39mtoBe([35m200[39m)[33m;[39m
     [90m 506 |[39m       
expect(data[33m.[39msuccess)[33m.[39mtoBe([36mtrue[39m)[33m;[39m
    [31m[1m>[22m[39m[90m 507 |[39m       
expect(data[33m.[39morders)[33m.[39mtoBeDefined()[33m;[39m
     [90m     |[39m                           [31m[1m^[22m[39m
     [90m 508 |[39m     })[33m;[39m
     [90m 509 |[39m   })[33m;[39m
     [90m 510 |[39m[0m

      at Object.toBeDefined 
(src/app/api/checkout/verify-payment/route.test.ts:507:27)

  ÔùÅ POST /api/checkout/verify-payment ÔÇ║ Multi-Shop Orders ÔÇ║ should 
update all orders to paid status

    expect(jest.fn()).toHaveBeenCalledTimes(expected)

    Expected number of calls: 4
    Received number of calls: 5

    [0m [90m 557 |[39m
     [90m 558 |[39m       [90m// Should update both orders[39m
    [31m[1m>[22m[39m[90m 559 |[39m       expect(mockBatch[33m.[39mupdat
e)[33m.[39mtoHaveBeenCalledTimes([35m4[39m)[33m;[39m [90m// 2 orders + 
2 products[39m
     [90m     |[39m                                [31m[1m^[22m[39m
     [90m 560 |[39m     })[33m;[39m
     [90m 561 |[39m
     [90m 562 |[39m     it([32m"should calculate stock reduction across 
multiple orders"[39m[33m,[39m [36masync[39m () [33m=>[39m {[0m

      at Object.toHaveBeenCalledTimes 
(src/app/api/checkout/verify-payment/route.test.ts:559:32)

Test Suites: 1 failed, 1 total
Tests:       2 failed, 21 passed, 23 total
Snapshots:   0 total
Time:        1.197 s, estimated 2 s
Ran all test suites matching verify-payment/route.test.ts.
npm verbose cwd D:\proj\justforview.in
npm verbose os Windows_NT 10.0.26200
npm verbose node v22.17.0
npm verbose npm  v10.8.1
npm verbose exit 1
npm verbose code 1
