
> letitrip-ecommerce@1.0.0 test
> jest src/app/auctions/page.test.tsx

node.exe : [baseline-browser-mapping] The data in this module is over two months old.  To ensure accurate Baseline data, please update: `npm i 
baseline-browser-mapping@latest -D`
At C:\Program Files\nodejs\npm.ps1:29 char:3
+   & $NODE_EXE $NPM_CLI_JS $args
+   ~~~~~~~~~~~~~~~~~~~~~~~~~~~~~
    + CategoryInfo          : NotSpecified: ([baseline-brows...ping@latest -D`:String) [], RemoteException
    + FullyQualifiedErrorId : NativeCommandError
 
  console.log
    [API Cache] Initialized 12 cache configurations

      at ApiService.log [as initializeCacheConfig] (src/services/api.service.ts:54:13)

  console.error
    Failed to load auctions: Error: API Error
        at Object.<anonymous> (D:\proj\justforview.in\src\app\auctions\page.test.tsx:663:50)
        at Promise.finally.completed (D:\proj\justforview.in\node_modules\jest-circus\build\jestAdapterInit.js:1557:28)
        at new Promise (<anonymous>)
        at callAsyncCircusFn (D:\proj\justforview.in\node_modules\jest-circus\build\jestAdapterInit.js:1497:10)
        at _callCircusTest (D:\proj\justforview.in\node_modules\jest-circus\build\jestAdapterInit.js:1007:40)
        at _runTest (D:\proj\justforview.in\node_modules\jest-circus\build\jestAdapterInit.js:947:3)
        at D:\proj\justforview.in\node_modules\jest-circus\build\jestAdapterInit.js:849:7
        at _runTestsForDescribeBlock (D:\proj\justforview.in\node_modules\jest-circus\build\jestAdapterInit.js:862:11)
        at _runTestsForDescribeBlock (D:\proj\justforview.in\node_modules\jest-circus\build\jestAdapterInit.js:857:11)
        at _runTestsForDescribeBlock (D:\proj\justforview.in\node_modules\jest-circus\build\jestAdapterInit.js:857:11)
        at run (D:\proj\justforview.in\node_modules\jest-circus\build\jestAdapterInit.js:761:3)
        at runAndTransformResultsToJestFormat (D:\proj\justforview.in\node_modules\jest-circus\build\jestAdapterInit.js:1918:21)
        at jestAdapter (D:\proj\justforview.in\node_modules\jest-circus\build\runner.js:101:19)
        at runTestInternal (D:\proj\justforview.in\node_modules\jest-runner\build\index.js:275:16)
        at runTest (D:\proj\justforview.in\node_modules\jest-runner\build\index.js:343:7)

    [0m [90m 136 |[39m       }
     [90m 137 |[39m     } [36mcatch[39m (error) {
    [31m[1m>[22m[39m[90m 138 |[39m       console[33m.[39merror([32m"Failed to load auctions:"[39m[33m,[39m error)[33m;[39m
     [90m     |[39m               [31m[1m^[22m[39m
     [90m 139 |[39m     } [36mfinally[39m {
     [90m 140 |[39m       setLoading([36mfalse[39m)[33m;[39m
     [90m 141 |[39m     }[0m

      at error (src/app/auctions/page.tsx:138:15)

  console.error
    Failed to load auctions: Error: API Error
        at Object.<anonymous> (D:\proj\justforview.in\src\app\auctions\page.test.tsx:663:50)
        at Promise.finally.completed (D:\proj\justforview.in\node_modules\jest-circus\build\jestAdapterInit.js:1557:28)
        at new Promise (<anonymous>)
        at callAsyncCircusFn (D:\proj\justforview.in\node_modules\jest-circus\build\jestAdapterInit.js:1497:10)
        at _callCircusTest (D:\proj\justforview.in\node_modules\jest-circus\build\jestAdapterInit.js:1007:40)
        at _runTest (D:\proj\justforview.in\node_modules\jest-circus\build\jestAdapterInit.js:947:3)
        at D:\proj\justforview.in\node_modules\jest-circus\build\jestAdapterInit.js:849:7
        at _runTestsForDescribeBlock (D:\proj\justforview.in\node_modules\jest-circus\build\jestAdapterInit.js:862:11)
        at _runTestsForDescribeBlock (D:\proj\justforview.in\node_modules\jest-circus\build\jestAdapterInit.js:857:11)
        at _runTestsForDescribeBlock (D:\proj\justforview.in\node_modules\jest-circus\build\jestAdapterInit.js:857:11)
        at run (D:\proj\justforview.in\node_modules\jest-circus\build\jestAdapterInit.js:761:3)
        at runAndTransformResultsToJestFormat (D:\proj\justforview.in\node_modules\jest-circus\build\jestAdapterInit.js:1918:21)
        at jestAdapter (D:\proj\justforview.in\node_modules\jest-circus\build\runner.js:101:19)
        at runTestInternal (D:\proj\justforview.in\node_modules\jest-runner\build\index.js:275:16)
        at runTest (D:\proj\justforview.in\node_modules\jest-runner\build\index.js:343:7)

    [0m [90m 136 |[39m       }
     [90m 137 |[39m     } [36mcatch[39m (error) {
    [31m[1m>[22m[39m[90m 138 |[39m       console[33m.[39merror([32m"Failed to load auctions:"[39m[33m,[39m error)[33m;[39m
     [90m     |[39m               [31m[1m^[22m[39m
     [90m 139 |[39m     } [36mfinally[39m {
     [90m 140 |[39m       setLoading([36mfalse[39m)[33m;[39m
     [90m 141 |[39m     }[0m

      at error (src/app/auctions/page.tsx:138:15)

  console.error
    Failed to load auctions: Error: Failed to load auctions
        at Object.<anonymous> (D:\proj\justforview.in\src\app\auctions\page.test.tsx:1038:11)
        at Promise.finally.completed (D:\proj\justforview.in\node_modules\jest-circus\build\jestAdapterInit.js:1557:28)
        at new Promise (<anonymous>)
        at callAsyncCircusFn (D:\proj\justforview.in\node_modules\jest-circus\build\jestAdapterInit.js:1497:10)
        at _callCircusTest (D:\proj\justforview.in\node_modules\jest-circus\build\jestAdapterInit.js:1007:40)
        at _runTest (D:\proj\justforview.in\node_modules\jest-circus\build\jestAdapterInit.js:947:3)
        at D:\proj\justforview.in\node_modules\jest-circus\build\jestAdapterInit.js:849:7
        at _runTestsForDescribeBlock (D:\proj\justforview.in\node_modules\jest-circus\build\jestAdapterInit.js:862:11)
        at _runTestsForDescribeBlock (D:\proj\justforview.in\node_modules\jest-circus\build\jestAdapterInit.js:857:11)
        at _runTestsForDescribeBlock (D:\proj\justforview.in\node_modules\jest-circus\build\jestAdapterInit.js:857:11)
        at _runTestsForDescribeBlock (D:\proj\justforview.in\node_modules\jest-circus\build\jestAdapterInit.js:857:11)
        at run (D:\proj\justforview.in\node_modules\jest-circus\build\jestAdapterInit.js:761:3)
        at runAndTransformResultsToJestFormat (D:\proj\justforview.in\node_modules\jest-circus\build\jestAdapterInit.js:1918:21)
        at jestAdapter (D:\proj\justforview.in\node_modules\jest-circus\build\runner.js:101:19)
        at runTestInternal (D:\proj\justforview.in\node_modules\jest-runner\build\index.js:275:16)
        at runTest (D:\proj\justforview.in\node_modules\jest-runner\build\index.js:343:7)

    [0m [90m 136 |[39m       }
     [90m 137 |[39m     } [36mcatch[39m (error) {
    [31m[1m>[22m[39m[90m 138 |[39m       console[33m.[39merror([32m"Failed to load auctions:"[39m[33m,[39m error)[33m;[39m
     [90m     |[39m               [31m[1m^[22m[39m
     [90m 139 |[39m     } [36mfinally[39m {
     [90m 140 |[39m       setLoading([36mfalse[39m)[33m;[39m
     [90m 141 |[39m     }[0m

      at error (src/app/auctions/page.tsx:138:15)

  console.error
    Failed to load auctions: Error: Failed to load auctions
        at Object.<anonymous> (D:\proj\justforview.in\src\app\auctions\page.test.tsx:1038:11)
        at Promise.finally.completed (D:\proj\justforview.in\node_modules\jest-circus\build\jestAdapterInit.js:1557:28)
        at new Promise (<anonymous>)
        at callAsyncCircusFn (D:\proj\justforview.in\node_modules\jest-circus\build\jestAdapterInit.js:1497:10)
        at _callCircusTest (D:\proj\justforview.in\node_modules\jest-circus\build\jestAdapterInit.js:1007:40)
        at _runTest (D:\proj\justforview.in\node_modules\jest-circus\build\jestAdapterInit.js:947:3)
        at D:\proj\justforview.in\node_modules\jest-circus\build\jestAdapterInit.js:849:7
        at _runTestsForDescribeBlock (D:\proj\justforview.in\node_modules\jest-circus\build\jestAdapterInit.js:862:11)
        at _runTestsForDescribeBlock (D:\proj\justforview.in\node_modules\jest-circus\build\jestAdapterInit.js:857:11)
        at _runTestsForDescribeBlock (D:\proj\justforview.in\node_modules\jest-circus\build\jestAdapterInit.js:857:11)
        at _runTestsForDescribeBlock (D:\proj\justforview.in\node_modules\jest-circus\build\jestAdapterInit.js:857:11)
        at run (D:\proj\justforview.in\node_modules\jest-circus\build\jestAdapterInit.js:761:3)
        at runAndTransformResultsToJestFormat (D:\proj\justforview.in\node_modules\jest-circus\build\jestAdapterInit.js:1918:21)
        at jestAdapter (D:\proj\justforview.in\node_modules\jest-circus\build\runner.js:101:19)
        at runTestInternal (D:\proj\justforview.in\node_modules\jest-runner\build\index.js:275:16)
        at runTest (D:\proj\justforview.in\node_modules\jest-runner\build\index.js:343:7)

    [0m [90m 136 |[39m       }
     [90m 137 |[39m     } [36mcatch[39m (error) {
    [31m[1m>[22m[39m[90m 138 |[39m       console[33m.[39merror([32m"Failed to load auctions:"[39m[33m,[39m error)[33m;[39m
     [90m     |[39m               [31m[1m^[22m[39m
     [90m 139 |[39m     } [36mfinally[39m {
     [90m 140 |[39m       setLoading([36mfalse[39m)[33m;[39m
     [90m 141 |[39m     }[0m

      at error (src/app/auctions/page.tsx:138:15)

  console.error
    Failed to load auctions: Error: Network error
        at Object.<anonymous> (D:\proj\justforview.in\src\app\auctions\page.test.tsx:1051:34)
        at Promise.finally.completed (D:\proj\justforview.in\node_modules\jest-circus\build\jestAdapterInit.js:1557:28)
        at new Promise (<anonymous>)
        at callAsyncCircusFn (D:\proj\justforview.in\node_modules\jest-circus\build\jestAdapterInit.js:1497:10)
        at _callCircusTest (D:\proj\justforview.in\node_modules\jest-circus\build\jestAdapterInit.js:1007:40)
        at _runTest (D:\proj\justforview.in\node_modules\jest-circus\build\jestAdapterInit.js:947:3)
        at D:\proj\justforview.in\node_modules\jest-circus\build\jestAdapterInit.js:849:7
        at _runTestsForDescribeBlock (D:\proj\justforview.in\node_modules\jest-circus\build\jestAdapterInit.js:862:11)
        at _runTestsForDescribeBlock (D:\proj\justforview.in\node_modules\jest-circus\build\jestAdapterInit.js:857:11)
        at _runTestsForDescribeBlock (D:\proj\justforview.in\node_modules\jest-circus\build\jestAdapterInit.js:857:11)
        at _runTestsForDescribeBlock (D:\proj\justforview.in\node_modules\jest-circus\build\jestAdapterInit.js:857:11)
        at run (D:\proj\justforview.in\node_modules\jest-circus\build\jestAdapterInit.js:761:3)
        at runAndTransformResultsToJestFormat (D:\proj\justforview.in\node_modules\jest-circus\build\jestAdapterInit.js:1918:21)
        at jestAdapter (D:\proj\justforview.in\node_modules\jest-circus\build\runner.js:101:19)
        at runTestInternal (D:\proj\justforview.in\node_modules\jest-runner\build\index.js:275:16)
        at runTest (D:\proj\justforview.in\node_modules\jest-runner\build\index.js:343:7)

    [0m [90m 136 |[39m       }
     [90m 137 |[39m     } [36mcatch[39m (error) {
    [31m[1m>[22m[39m[90m 138 |[39m       console[33m.[39merror([32m"Failed to load auctions:"[39m[33m,[39m error)[33m;[39m
     [90m     |[39m               [31m[1m^[22m[39m
     [90m 139 |[39m     } [36mfinally[39m {
     [90m 140 |[39m       setLoading([36mfalse[39m)[33m;[39m
     [90m 141 |[39m     }[0m

      at error (src/app/auctions/page.tsx:138:15)

  console.error
    An update to AuctionsContent inside a test was not wrapped in act(...).
    
    When testing, code that causes React state updates should be wrapped into act(...):
    
    act(() => {
      /* fire events that update state */
    });
    /* assert on the output */
    
    This ensures that you're testing the behavior the user would see in the browser. Learn more at https://react.dev/link/wrap-tests-with-act

    [0m [90m 116 |[39m
     [90m 117 |[39m       [36mconst[39m response [33m=[39m [36mawait[39m auctionsService[33m.[39mlist(apiFilters)[33m;[39m
    [31m[1m>[22m[39m[90m 118 |[39m       setAuctions(response[33m.[39mdata [33m||[39m [])[33m;[39m
     [90m     |[39m       [31m[1m^[22m[39m
     [90m 119 |[39m       setTotalCount(response[33m.[39mcount [33m||[39m [35m0[39m)[33m;[39m
     [90m 120 |[39m
     [90m 121 |[39m       [90m// Check if it's cursor pagination[39m[0m

      at node_modules/react-dom/cjs/react-dom-client.development.js:18758:19
      at runWithFiberInDEV (node_modules/react-dom/cjs/react-dom-client.development.js:874:13)
      at warnIfUpdatesNotWrappedWithActDEV (node_modules/react-dom/cjs/react-dom-client.development.js:18757:9)
      at scheduleUpdateOnFiber (node_modules/react-dom/cjs/react-dom-client.development.js:16409:11)
      at dispatchSetStateInternal (node_modules/react-dom/cjs/react-dom-client.development.js:9170:13)
      at dispatchSetState (node_modules/react-dom/cjs/react-dom-client.development.js:9127:7)
      at setAuctions (src/app/auctions/page.tsx:118:7)

  console.error
    An update to AuctionsContent inside a test was not wrapped in act(...).
    
    When testing, code that causes React state updates should be wrapped into act(...):
    
    act(() => {
      /* fire events that update state */
    });
    /* assert on the output */
    
    This ensures that you're testing the behavior the user would see in the browser. Learn more at https://react.dev/link/wrap-tests-with-act

    [0m [90m 117 |[39m       [36mconst[39m response [33m=[39m [36mawait[39m auctionsService[33m.[39mlist(apiFilters)[33m;[39m
     [90m 118 |[39m       setAuctions(response[33m.[39mdata [33m||[39m [])[33m;[39m
    [31m[1m>[22m[39m[90m 119 |[39m       setTotalCount(response[33m.[39mcount [33m||[39m [35m0[39m)[33m;[39m
     [90m     |[39m       [31m[1m^[22m[39m
     [90m 120 |[39m
     [90m 121 |[39m       [90m// Check if it's cursor pagination[39m
     [90m 122 |[39m       [36mif[39m ([32m"hasNextPage"[39m [36min[39m response[33m.[39mpagination) {[0m

      at node_modules/react-dom/cjs/react-dom-client.development.js:18758:19
      at runWithFiberInDEV (node_modules/react-dom/cjs/react-dom-client.development.js:874:13)
      at warnIfUpdatesNotWrappedWithActDEV (node_modules/react-dom/cjs/react-dom-client.development.js:18757:9)
      at scheduleUpdateOnFiber (node_modules/react-dom/cjs/react-dom-client.development.js:16409:11)
      at dispatchSetStateInternal (node_modules/react-dom/cjs/react-dom-client.development.js:9170:13)
      at dispatchSetState (node_modules/react-dom/cjs/react-dom-client.development.js:9127:7)
      at setTotalCount (src/app/auctions/page.tsx:119:7)

  console.error
    An update to AuctionsContent inside a test was not wrapped in act(...).
    
    When testing, code that causes React state updates should be wrapped into act(...):
    
    act(() => {
      /* fire events that update state */
    });
    /* assert on the output */
    
    This ensures that you're testing the behavior the user would see in the browser. Learn more at https://react.dev/link/wrap-tests-with-act

    [0m [90m 121 |[39m       [90m// Check if it's cursor pagination[39m
     [90m 122 |[39m       [36mif[39m ([32m"hasNextPage"[39m [36min[39m response[33m.[39mpagination) {
    [31m[1m>[22m[39m[90m 123 |[39m         setHasNextPage(response[33m.[39mpagination[33m.[39mhasNextPage [33m||[39m [36mfalse[39m)[33m;[39m
     [90m     |[39m         [31m[1m^[22m[39m
     [90m 124 |[39m
     [90m 125 |[39m         [90m// Store cursor for next page[39m
     [90m 126 |[39m         [36mif[39m ([32m"nextCursor"[39m [36min[39m response[33m.[39mpagination) {[0m

      at node_modules/react-dom/cjs/react-dom-client.development.js:18758:19
      at runWithFiberInDEV (node_modules/react-dom/cjs/react-dom-client.development.js:874:13)
      at warnIfUpdatesNotWrappedWithActDEV (node_modules/react-dom/cjs/react-dom-client.development.js:18757:9)
      at scheduleUpdateOnFiber (node_modules/react-dom/cjs/react-dom-client.development.js:16409:11)
      at dispatchSetStateInternal (node_modules/react-dom/cjs/react-dom-client.development.js:9170:13)
      at dispatchSetState (node_modules/react-dom/cjs/react-dom-client.development.js:9127:7)
      at setHasNextPage (src/app/auctions/page.tsx:123:9)

  console.error
    An update to AuctionsContent inside a test was not wrapped in act(...).
    
    When testing, code that causes React state updates should be wrapped into act(...):
    
    act(() => {
      /* fire events that update state */
    });
    /* assert on the output */
    
    This ensures that you're testing the behavior the user would see in the browser. Learn more at https://react.dev/link/wrap-tests-with-act

    [0m [90m 138 |[39m       console[33m.[39merror([32m"Failed to load auctions:"[39m[33m,[39m error)[33m;[39m
     [90m 139 |[39m     } [36mfinally[39m {
    [31m[1m>[22m[39m[90m 140 |[39m       setLoading([36mfalse[39m)[33m;[39m
     [90m     |[39m       [31m[1m^[22m[39m
     [90m 141 |[39m     }
     [90m 142 |[39m   }[33m;[39m
     [90m 143 |[39m[0m

      at node_modules/react-dom/cjs/react-dom-client.development.js:18758:19
      at runWithFiberInDEV (node_modules/react-dom/cjs/react-dom-client.development.js:874:13)
      at warnIfUpdatesNotWrappedWithActDEV (node_modules/react-dom/cjs/react-dom-client.development.js:18757:9)
      at scheduleUpdateOnFiber (node_modules/react-dom/cjs/react-dom-client.development.js:16409:11)
      at dispatchSetStateInternal (node_modules/react-dom/cjs/react-dom-client.development.js:9170:13)
      at dispatchSetState (node_modules/react-dom/cjs/react-dom-client.development.js:9127:7)
      at setLoading (src/app/auctions/page.tsx:140:7)

FAIL src/app/auctions/page.test.tsx
  AuctionsPage
    Initial render
      ÔêÜ loads auctions on mount (143 ms)
      ÔêÜ displays auctions in grid view by default (35 ms)
    URL parameter handling
      ÔêÜ applies status filter from URL (18 ms)
      ÔêÜ applies featured filter from URL (16 ms)
      ÔêÜ updates URL when filters change (20 ms)
    Search functionality
      ÔêÜ searches auctions when search query is entered (57 ms)
    Filter functionality
      ÔêÜ shows desktop filter sidebar (21 ms)
      ÔêÜ shows mobile filter drawer when mobile (33 ms)
      ÔêÜ toggles mobile filter drawer (40 ms)
      ÔêÜ resets filters when reset button is clicked (49 ms)
    View toggle
      ÔêÜ switches between grid and list view (58 ms)
    Pagination
      ÔêÜ shows pagination when there are more pages (60 ms)
      ÔêÜ does not show pagination when there is only one page (43 ms)
      ÔêÜ navigates to previous page (31 ms)
      ÔêÜ displays auction statistics (32 ms)
    Empty state
      ÔêÜ shows empty state when no auctions found (23 ms)
    Error handling
      ÔêÜ handles API errors gracefully (55 ms)
    Auction card interactions
      ÔêÜ navigates to auction detail on click (37 ms)
      ÔêÜ displays auction badges correctly (34 ms)
      ÔêÜ shows correct time remaining (33 ms)
    Responsive behavior
      ÔêÜ hides desktop sidebar on mobile (35 ms)
      ÔêÜ shows desktop sidebar on desktop (33 ms)
    Edge Cases - Session 29
      Large Data Sets
        ├ù handles rendering 100+ auctions efficiently (1021 ms)
        ÔêÜ handles rapid filter changes without race conditions (44 ms)
        ÔêÜ handles pagination with more than 10 pages (35 ms)
      Filter Combinations
        ÔêÜ applies multiple filters simultaneously (21 ms)
        ÔêÜ clears all filters at once (35 ms)
        ÔêÜ handles invalid filter values gracefully (26 ms)
      Sorting & Ordering
        ÔêÜ sorts by price ascending (19 ms)
        ÔêÜ sorts by ending soonest (10 ms)
        ÔêÜ sorts by bid count descending (14 ms)
      Empty & Error States
        ÔêÜ shows empty state when no auctions match filters (16 ms)
        ÔêÜ shows error state when API call fails (23 ms)
        ├ù retries loading after error (1011 ms)
      Search Functionality
        ÔêÜ calls API when search query changes (38 ms)
        ÔêÜ clears search results when search is cleared (47 ms)
        ÔêÜ shows search results count (27 ms)
      URL State Management
        ÔêÜ preserves URL parameters on page reload (18 ms)
        ÔêÜ updates URL without page reload (16 ms)
        ÔêÜ handles malformed URL parameters (21 ms)
      Performance & UX
        ├ù shows loading skeleton during initial load (8 ms)
        ÔêÜ maintains scroll position when filters change (15 ms)
        ├ù handles rapid view toggle without flickering (63 ms)
      Auction Status Indicators
        ├ù highlights ending soon auctions (21 ms)
        ÔêÜ shows ended auction status (18 ms)
        ÔêÜ filters by ending soon auctions (21 ms)

  ÔùÅ AuctionsPage ÔÇ║ Edge Cases - Session 29 ÔÇ║ Large Data Sets ÔÇ║ handles rendering 100+ auctions efficiently

    Unable to find an element with the text: Item 0. This could be because the text is broken up by multiple elements. In this case, you can provide a function 
for your text matcher to make your matcher more flexible.

    Ignored nodes: comments, script, style
    [36m<body>[39m
      [36m<div>[39m
        [36m<div>[39m
          [36m<div[39m
            [33mclass[39m=[32m"container mx-auto px-4 py-8"[39m
          [36m>[39m
            [36m<div[39m
              [33mclass[39m=[32m"mb-8"[39m
            [36m>[39m
              [36m<h1[39m
                [33mclass[39m=[32m"text-3xl font-bold text-gray-900"[39m
              [36m>[39m
                [0mLive Auctions[0m
              [36m</h1>[39m
              [36m<p[39m
                [33mclass[39m=[32m"mt-2 text-gray-600"[39m
              [36m>[39m
                [0mBid on unique items and win great deals[0m
              [36m</p>[39m
            [36m</div>[39m
            [36m<div[39m
              [33mclass[39m=[32m"flex gap-6"[39m
            [36m>[39m
              [36m<div[39m
                [33mdata-count[39m=[32m"120"[39m
                [33mdata-loading[39m=[32m"false"[39m
                [33mdata-open[39m=[32m"true"[39m
                [33mdata-testid[39m=[32m"filter-sidebar-desktop"[39m
              [36m>[39m
                [36m<div[39m
                  [33mdata-testid[39m=[32m"filter-values"[39m
                [36m>[39m
                  [0m{}[0m
                [36m</div>[39m
                [36m<button[39m
                  [33mdata-testid[39m=[32m"filter-reset"[39m
                [36m>[39m
                  [0mReset[0m
                [36m</button>[39m
                [36m<button[39m
                  [33mdata-testid[39m=[32m"filter-apply"[39m
                [36m>[39m
                  [0mApply[0m
                [36m</button>[39m
                [36m<button[39m
                  [33mdata-testid[39m=[32m"filter-close"[39m
                [36m>[39m
                  [0mClose[0m
                [36m</button>[39m
              [36m</div>[39m
              [36m<div[39m
                [33mclass[39m=[32m"flex-1"[39m
              [36m>[39m
                [36m<div[39m
                  [33mclass[39m=[32m"mb-6 flex flex-col sm:flex-row gap-4"[39m
                [36m>[39m
                  [36m<div[39m
                    [33mclass[39m=[32m"flex-1 relative"[39m
                  [36m>[39m
                    [36m<svg[39m
                      [33maria-hidden[39m=[32m"true"[39m
                      [33mclass[39m=[32m"lucide lucide-search absolute left-3 top-1/2 -translate-y-1/2 h-5 w-5 text-gray-400"[39m
                      [33mfill[39m=[32m"none"[39m
                      [33mheight[39m=[32m"24"[39m
                      [33mstroke[39m=[32m"currentColor"[39m
                      [33mstroke-linecap[39m=[32m"round"[39m
                      [33mstroke-linejoin[39m=[32m"round"[39m
                      [33mstroke-width[39m=[32m"2"[39m
                      [33mviewBox[39m=[32m"0 0 24 24"[39m
                      [33mwidth[39m=[32m"24"[39m
                      [33mxmlns[39m=[32m"http://www.w3.org/2000/svg"[39m
                    [36m>[39m
                      [36m<path[39m
                        [33md[39m=[32m"m21 21-4.34-4.34"[39m
                      [36m/>[39m
                      [36m<circle[39m
                        [33mcx[39m=[32m"11"[39m
                        [33mcy[39m=[32m"11"[39m
                        [33mr[39m=[32m"8"[39m
                      [36m/>[39m
                    [36m</svg>[39m
                    [36m<input[39m
                      [33mclass[39m=[32m"w-full pl-10 pr-4 py-2 rounded-lg border border-gray-300 focus:border-primary focus:outline-none focus:ring-1 
focus:ring-primary"[39m
                      [33mplaceholder[39m=[32m"Search auctions..."[39m
                      [33mtype[39m=[32m"text"[39m
                      [33mvalue[39m=[32m""[39m
                    [36m/>[39m
                  [36m</div>[39m
                  [36m<button[39m
                    [33mclass[39m=[32m"flex items-center gap-2 px-4 py-2 rounded-lg bg-blue-600 text-white hover:bg-blue-700 transition-colors"[39m
                  [36m>[39m
                    [36m<svg[39m
                      [33maria-hidden[39m=[32m"true"[39m
                      [33mclass[39m=[32m"lucide lucide-funnel h-5 w-5"[39m
                      [33mfill[39m=[32m"none"[39m
                      [33mheight[39m=[32m"24"[39m
                      [33mstroke[39m=[32m"currentColor"[39m
                      [33mstroke-linecap[39m=[32m"round"[39m
                      [33mstroke-linejoin[39m=[32m"round"[39m
                      [33mstroke-width[39m=[32m"2"[39m
                      [33mviewBox[39m=[32m"0 0 24 24"[39m
                      [33mwidth[39m=[32m"24"[39m
                      [33mxmlns[39m=[32m"http://www.w3.org/2000/svg"[39m
                    [36m>[39m
                      [36m<path[39m
                        [33md[39m=[32m"M10 20a1 1 0 0 0 .553.895l2 1A1 1 0 0 0 14 21v-7a2 2 0 0 1 .517-1.341L21.74 4.67A1 1 0 0 0 21 3H3a1 1 0 0 0-.742 
1.67l7.225 7.989A2 2 0 0 1 10 14z"[39m
                      [36m/>[39m
                    [36m</svg>[39m
                    [0mShow[0m
                    [0m Filters[0m
                  [36m</button>[39m
                  [36m<div[39m
                    [33mclass[39m=[32m"hidden md:flex border border-gray-300 rounded-lg overflow-hidden"[39m
                  [36m>[39m
                    [36m<button[39m
                      [33mclass[39m=[32m"px-3 py-2 bg-primary text-white"[39m
                    [36m>[39m
                      [36m<svg[39m
                        [33maria-hidden[39m=[32m"true"[39m
                        [33mclass[39m=[32m"lucide lucide-grid3x3 lucide-grid-3x3 w-5 h-5"[39m
                        [33mfill[39m=[32m"none"[39m
                        [33mheight[39m=[32m"24"[39m
                        [33mstroke[39m=[32m"currentColor"[39m
                        [33mstroke-linecap[39m=[32m"round"[39m
                        [33mstroke-linejoin[39m=[32m"round"[39m
                        [33mstroke-width[39m=[32m"2"[39m
                        [33mviewBox[39m=[32m"0 0 24 24"[39m
                        [33mwidth[39m=[32m"24"[39m
                        [33mxmlns[39m=[32m"http://www.w3.org/2000/svg"[39m
                      [36m>[39m
                        [36m<rect[39m
                          [33mheight[39m=[32m"18"[39m
                          [33mrx[39m=[32m"2"[39m
                          [33mwidth[39m=[32m"18"[39m
                          [33mx[39m=[32m"3"[39m
                          [33my[39m=[32m"3"[39m
                        [36m/>[39m
                        [36m<path[39m
                          [33md[39m=[32m"M3 9h18"[39m
                        [36m/>[39m
                        [36m<path[39m
                          [33md[39m=[32m"M3 15h18"[39m
                        [36m/>[39m
                        [36m<path[39m
                          [33md[39m=[32m"M9 3v18"[39m
                        [36m/>[39m
                        [36m<path[39m
                          [33md[39m=[32m"M15 3v18"[39m
                        [36m/>[39m
                      [36m</svg>[39m
                    [36m</button>[39m
                    [36m<button[39m
                      [33mclass[39m=[32m"px-3 py-2 bg-white text-gray-700 hover:bg-gray-50"[39m
          ...

    [0m [90m 798 |[39m         render([33m<[39m[33mAuctionsPage[39m [33m/[39m[33m>[39m)[33m;[39m
     [90m 799 |[39m
    [31m[1m>[22m[39m[90m 800 |[39m         [36mawait[39m waitFor(() [33m=>[39m {
     [90m     |[39m                      [31m[1m^[22m[39m
     [90m 801 |[39m           expect(screen[33m.[39mgetByText([32m"Item 0"[39m))[33m.[39mtoBeInTheDocument()[33m;[39m
     [90m 802 |[39m         })[33m;[39m
     [90m 803 |[39m[0m

      at waitForWrapper (node_modules/@testing-library/dom/dist/wait-for.js:163:27)
      at Object.<anonymous> (src/app/auctions/page.test.tsx:800:22)

  ÔùÅ AuctionsPage ÔÇ║ Edge Cases - Session 29 ÔÇ║ Empty & Error States ÔÇ║ retries loading after error

    Unable to find an element by: [data-testid="no-auctions"]

    Ignored nodes: comments, script, style
    [36m<body>[39m
      [36m<div>[39m
        [36m<div>[39m
          [36m<div[39m
            [33mclass[39m=[32m"container mx-auto px-4 py-8"[39m
          [36m>[39m
            [36m<div[39m
              [33mclass[39m=[32m"mb-8"[39m
            [36m>[39m
              [36m<h1[39m
                [33mclass[39m=[32m"text-3xl font-bold text-gray-900"[39m
              [36m>[39m
                [0mLive Auctions[0m
              [36m</h1>[39m
              [36m<p[39m
                [33mclass[39m=[32m"mt-2 text-gray-600"[39m
              [36m>[39m
                [0mBid on unique items and win great deals[0m
              [36m</p>[39m
            [36m</div>[39m
            [36m<div[39m
              [33mclass[39m=[32m"flex gap-6"[39m
            [36m>[39m
              [36m<div[39m
                [33mdata-count[39m=[32m"2"[39m
                [33mdata-loading[39m=[32m"false"[39m
                [33mdata-open[39m=[32m"true"[39m
                [33mdata-testid[39m=[32m"filter-sidebar-desktop"[39m
              [36m>[39m
                [36m<div[39m
                  [33mdata-testid[39m=[32m"filter-values"[39m
                [36m>[39m
                  [0m{}[0m
                [36m</div>[39m
                [36m<button[39m
                  [33mdata-testid[39m=[32m"filter-reset"[39m
                [36m>[39m
                  [0mReset[0m
                [36m</button>[39m
                [36m<button[39m
                  [33mdata-testid[39m=[32m"filter-apply"[39m
                [36m>[39m
                  [0mApply[0m
                [36m</button>[39m
                [36m<button[39m
                  [33mdata-testid[39m=[32m"filter-close"[39m
                [36m>[39m
                  [0mClose[0m
                [36m</button>[39m
              [36m</div>[39m
              [36m<div[39m
                [33mclass[39m=[32m"flex-1"[39m
              [36m>[39m
                [36m<div[39m
                  [33mclass[39m=[32m"mb-6 flex flex-col sm:flex-row gap-4"[39m
                [36m>[39m
                  [36m<div[39m
                    [33mclass[39m=[32m"flex-1 relative"[39m
                  [36m>[39m
                    [36m<svg[39m
                      [33maria-hidden[39m=[32m"true"[39m
                      [33mclass[39m=[32m"lucide lucide-search absolute left-3 top-1/2 -translate-y-1/2 h-5 w-5 text-gray-400"[39m
                      [33mfill[39m=[32m"none"[39m
                      [33mheight[39m=[32m"24"[39m
                      [33mstroke[39m=[32m"currentColor"[39m
                      [33mstroke-linecap[39m=[32m"round"[39m
                      [33mstroke-linejoin[39m=[32m"round"[39m
                      [33mstroke-width[39m=[32m"2"[39m
                      [33mviewBox[39m=[32m"0 0 24 24"[39m
                      [33mwidth[39m=[32m"24"[39m
                      [33mxmlns[39m=[32m"http://www.w3.org/2000/svg"[39m
                    [36m>[39m
                      [36m<path[39m
                        [33md[39m=[32m"m21 21-4.34-4.34"[39m
                      [36m/>[39m
                      [36m<circle[39m
                        [33mcx[39m=[32m"11"[39m
                        [33mcy[39m=[32m"11"[39m
                        [33mr[39m=[32m"8"[39m
                      [36m/>[39m
                    [36m</svg>[39m
                    [36m<input[39m
                      [33mclass[39m=[32m"w-full pl-10 pr-4 py-2 rounded-lg border border-gray-300 focus:border-primary focus:outline-none focus:ring-1 
focus:ring-primary"[39m
                      [33mplaceholder[39m=[32m"Search auctions..."[39m
                      [33mtype[39m=[32m"text"[39m
                      [33mvalue[39m=[32m""[39m
                    [36m/>[39m
                  [36m</div>[39m
                  [36m<button[39m
                    [33mclass[39m=[32m"flex items-center gap-2 px-4 py-2 rounded-lg bg-blue-600 text-white hover:bg-blue-700 transition-colors"[39m
                  [36m>[39m
                    [36m<svg[39m
                      [33maria-hidden[39m=[32m"true"[39m
                      [33mclass[39m=[32m"lucide lucide-funnel h-5 w-5"[39m
                      [33mfill[39m=[32m"none"[39m
                      [33mheight[39m=[32m"24"[39m
                      [33mstroke[39m=[32m"currentColor"[39m
                      [33mstroke-linecap[39m=[32m"round"[39m
                      [33mstroke-linejoin[39m=[32m"round"[39m
                      [33mstroke-width[39m=[32m"2"[39m
                      [33mviewBox[39m=[32m"0 0 24 24"[39m
                      [33mwidth[39m=[32m"24"[39m
                      [33mxmlns[39m=[32m"http://www.w3.org/2000/svg"[39m
                    [36m>[39m
                      [36m<path[39m
                        [33md[39m=[32m"M10 20a1 1 0 0 0 .553.895l2 1A1 1 0 0 0 14 21v-7a2 2 0 0 1 .517-1.341L21.74 4.67A1 1 0 0 0 21 3H3a1 1 0 0 0-.742 
1.67l7.225 7.989A2 2 0 0 1 10 14z"[39m
                      [36m/>[39m
                    [36m</svg>[39m
                    [0mShow[0m
                    [0m Filters[0m
                  [36m</button>[39m
                  [36m<div[39m
                    [33mclass[39m=[32m"hidden md:flex border border-gray-300 rounded-lg overflow-hidden"[39m
                  [36m>[39m
                    [36m<button[39m
                      [33mclass[39m=[32m"px-3 py-2 bg-primary text-white"[39m
                    [36m>[39m
                      [36m<svg[39m
                        [33maria-hidden[39m=[32m"true"[39m
                        [33mclass[39m=[32m"lucide lucide-grid3x3 lucide-grid-3x3 w-5 h-5"[39m
                        [33mfill[39m=[32m"none"[39m
                        [33mheight[39m=[32m"24"[39m
                        [33mstroke[39m=[32m"currentColor"[39m
                        [33mstroke-linecap[39m=[32m"round"[39m
                        [33mstroke-linejoin[39m=[32m"round"[39m
                        [33mstroke-width[39m=[32m"2"[39m
                        [33mviewBox[39m=[32m"0 0 24 24"[39m
                        [33mwidth[39m=[32m"24"[39m
                        [33mxmlns[39m=[32m"http://www.w3.org/2000/svg"[39m
                      [36m>[39m
                        [36m<rect[39m
                          [33mheight[39m=[32m"18"[39m
                          [33mrx[39m=[32m"2"[39m
                          [33mwidth[39m=[32m"18"[39m
                          [33mx[39m=[32m"3"[39m
                          [33my[39m=[32m"3"[39m
                        [36m/>[39m
                        [36m<path[39m
                          [33md[39m=[32m"M3 9h18"[39m
                        [36m/>[39m
                        [36m<path[39m
                          [33md[39m=[32m"M3 15h18"[39m
                        [36m/>[39m
                        [36m<path[39m
                          [33md[39m=[32m"M9 3v18"[39m
                        [36m/>[39m
                        [36m<path[39m
                          [33md[39m=[32m"M15 3v18"[39m
                        [36m/>[39m
                      [36m</svg>[39m
                    [36m</button>[39m
                    [36m<button[39m
                      [33mclass[39m=[32m"px-3 py-2 bg-white text-gray-700 hover:bg-gray-50"[39m
            ...

    [0m [90m 1062 |[39m
     [90m 1063 |[39m         [90m// Should show empty state after error[39m
    [31m[1m>[22m[39m[90m 1064 |[39m         [36mawait[39m waitFor(() [33m=>[39m {
     [90m      |[39m                      [31m[1m^[22m[39m
     [90m 1065 |[39m           expect(screen[33m.[39mgetByTestId([32m"no-auctions"[39m))[33m.[39mtoBeInTheDocument()[33m;[39m
     [90m 1066 |[39m         })[33m;[39m
     [90m 1067 |[39m[0m

      at waitForWrapper (node_modules/@testing-library/dom/dist/wait-for.js:163:27)
      at Object.<anonymous> (src/app/auctions/page.test.tsx:1064:22)

  ÔùÅ AuctionsPage ÔÇ║ Edge Cases - Session 29 ÔÇ║ Performance & UX ÔÇ║ shows loading skeleton during initial load

    TestingLibraryElementError: Unable to find an element with the role "img"

    There are no available roles.

    Ignored nodes: comments, script, style
    [36m<body>[39m
      [36m<div>[39m
        [36m<div>[39m
          [36m<div[39m
            [33mclass[39m=[32m"container mx-auto px-4 py-8"[39m
          [36m>[39m
            [36m<div[39m
              [33mclass[39m=[32m"flex items-center justify-center min-h-[400px]"[39m
            [36m>[39m
              [36m<svg[39m
                [33maria-hidden[39m=[32m"true"[39m
                [33mclass[39m=[32m"lucide lucide-loader-circle h-8 w-8 animate-spin text-primary"[39m
                [33mfill[39m=[32m"none"[39m
                [33mheight[39m=[32m"24"[39m
                [33mstroke[39m=[32m"currentColor"[39m
                [33mstroke-linecap[39m=[32m"round"[39m
                [33mstroke-linejoin[39m=[32m"round"[39m
                [33mstroke-width[39m=[32m"2"[39m
                [33mviewBox[39m=[32m"0 0 24 24"[39m
                [33mwidth[39m=[32m"24"[39m
                [33mxmlns[39m=[32m"http://www.w3.org/2000/svg"[39m
              [36m>[39m
                [36m<path[39m
                  [33md[39m=[32m"M21 12a9 9 0 1 1-6.219-8.56"[39m
                [36m/>[39m
              [36m</svg>[39m
            [36m</div>[39m
          [36m</div>[39m
        [36m</div>[39m
      [36m</div>[39m
    [36m</body>[39m

    [0m [90m 1235 |[39m         [90m// Initially should show loader[39m
     [90m 1236 |[39m         expect(
    [31m[1m>[22m[39m[90m 1237 |[39m           screen[33m.[39mgetByRole([32m"img"[39m[33m,[39m { hidden[33m:[39m [36mtrue[39m }) [33m||[39m
     [90m      |[39m                  [31m[1m^[22m[39m
     [90m 1238 |[39m             screen[33m.[39mgetByText([32m"Live Auctions"[39m) [33m||[39m
     [90m 1239 |[39m             document[33m.[39mquerySelector([32m".animate-spin"[39m)
     [90m 1240 |[39m         )[33m.[39mtoBeTruthy()[33m;[39m[0m

      at Object.getElementError (node_modules/@testing-library/dom/dist/config.js:37:19)
      at node_modules/@testing-library/dom/dist/query-helpers.js:76:38
      at node_modules/@testing-library/dom/dist/query-helpers.js:52:17
      at node_modules/@testing-library/dom/dist/query-helpers.js:95:19
      at Object.getByRole (src/app/auctions/page.test.tsx:1237:18)

  ÔùÅ AuctionsPage ÔÇ║ Edge Cases - Session 29 ÔÇ║ Performance & UX ÔÇ║ handles rapid view toggle without flickering

    TestingLibraryElementError: Found multiple elements with the text: Live Auctions

    Here are the matching elements:

    Ignored nodes: comments, script, style
    [36m<h1[39m
      [33mclass[39m=[32m"text-3xl font-bold text-gray-900"[39m
    [36m>[39m
      [0mLive Auctions[0m
    [36m</h1>[39m

    Ignored nodes: comments, script, style
    [36m<p[39m
      [33mclass[39m=[32m"text-sm text-gray-600"[39m
    [36m>[39m
      [0mLive Auctions[0m
    [36m</p>[39m

    (If this is intentional, then use the `*AllBy*` variant of the query (like `queryAllByText`, `getAllByText`, or `findAllByText`)).

    Ignored nodes: comments, script, style
    [36m<body>[39m
      [36m<div>[39m
        [36m<div>[39m
          [36m<div[39m
            [33mclass[39m=[32m"container mx-auto px-4 py-8"[39m
          [36m>[39m
            [36m<div[39m
              [33mclass[39m=[32m"mb-8"[39m
            [36m>[39m
              [36m<h1[39m
                [33mclass[39m=[32m"text-3xl font-bold text-gray-900"[39m
              [36m>[39m
                [0mLive Auctions[0m
              [36m</h1>[39m
              [36m<p[39m
                [33mclass[39m=[32m"mt-2 text-gray-600"[39m
              [36m>[39m
                [0mBid on unique items and win great deals[0m
              [36m</p>[39m
            [36m</div>[39m
            [36m<div[39m
              [33mclass[39m=[32m"flex gap-6"[39m
            [36m>[39m
              [36m<div[39m
                [33mdata-count[39m=[32m"2"[39m
                [33mdata-loading[39m=[32m"false"[39m
                [33mdata-open[39m=[32m"true"[39m
                [33mdata-testid[39m=[32m"filter-sidebar-desktop"[39m
              [36m>[39m
                [36m<div[39m
                  [33mdata-testid[39m=[32m"filter-values"[39m
                [36m>[39m
                  [0m{}[0m
                [36m</div>[39m
                [36m<button[39m
                  [33mdata-testid[39m=[32m"filter-reset"[39m
                [36m>[39m
                  [0mReset[0m
                [36m</button>[39m
                [36m<button[39m
                  [33mdata-testid[39m=[32m"filter-apply"[39m
                [36m>[39m
                  [0mApply[0m
                [36m</button>[39m
                [36m<button[39m
                  [33mdata-testid[39m=[32m"filter-close"[39m
                [36m>[39m
                  [0mClose[0m
                [36m</button>[39m
              [36m</div>[39m
              [36m<div[39m
                [33mclass[39m=[32m"flex-1"[39m
              [36m>[39m
                [36m<div[39m
                  [33mclass[39m=[32m"mb-6 flex flex-col sm:flex-row gap-4"[39m
                [36m>[39m
                  [36m<div[39m
                    [33mclass[39m=[32m"flex-1 relative"[39m
                  [36m>[39m
                    [36m<svg[39m
                      [33maria-hidden[39m=[32m"true"[39m
                      [33mclass[39m=[32m"lucide lucide-search absolute left-3 top-1/2 -translate-y-1/2 h-5 w-5 text-gray-400"[39m
                      [33mfill[39m=[32m"none"[39m
                      [33mheight[39m=[32m"24"[39m
                      [33mstroke[39m=[32m"currentColor"[39m
                      [33mstroke-linecap[39m=[32m"round"[39m
                      [33mstroke-linejoin[39m=[32m"round"[39m
                      [33mstroke-width[39m=[32m"2"[39m
                      [33mviewBox[39m=[32m"0 0 24 24"[39m
                      [33mwidth[39m=[32m"24"[39m
                      [33mxmlns[39m=[32m"http://www.w3.org/2000/svg"[39m
                    [36m>[39m
                      [36m<path[39m
                        [33md[39m=[32m"m21 21-4.34-4.34"[39m
                      [36m/>[39m
                      [36m<circle[39m
                        [33mcx[39m=[32m"11"[39m
                        [33mcy[39m=[32m"11"[39m
                        [33mr[39m=[32m"8"[39m
                      [36m/>[39m
                    [36m</svg>[39m
                    [36m<input[39m
                      [33mclass[39m=[32m"w-full pl-10 pr-4 py-2 rounded-lg border border-gray-300 focus:border-primary focus:outline-none focus:ring-1 
focus:ring-primary"[39m
                      [33mplaceholder[39m=[32m"Search auctions..."[39m
                      [33mtype[39m=[32m"text"[39m
                      [33mvalue[39m=[32m""[39m
                    [36m/>[39m
                  [36m</div>[39m
                  [36m<button[39m
                    [33mclass[39m=[32m"flex items-center gap-2 px-4 py-2 rounded-lg bg-blue-600 text-white hover:bg-blue-700 transition-colors"[39m
                  [36m>[39m
                    [36m<svg[39m
                      [33maria-hidden[39m=[32m"true"[39m
                      [33mclass[39m=[32m"lucide lucide-funnel h-5 w-5"[39m
                      [33mfill[39m=[32m"none"[39m
                      [33mheight[39m=[32m"24"[39m
                      [33mstroke[39m=[32m"currentColor"[39m
                      [33mstroke-linecap[39m=[32m"round"[39m
                      [33mstroke-linejoin[39m=[32m"round"[39m
                      [33mstroke-width[39m=[32m"2"[39m
                      [33mviewBox[39m=[32m"0 0 24 24"[39m
                      [33mwidth[39m=[32m"24"[39m
                      [33mxmlns[39m=[32m"http://www.w3.org/2000/svg"[39m
                    [36m>[39m
                      [36m<path[39m
                        [33md[39m=[32m"M10 20a1 1 0 0 0 .553.895l2 1A1 1 0 0 0 14 21v-7a2 2 0 0 1 .517-1.341L21.74 4.67A1 1 0 0 0 21 3H3a1 1 0 0 0-.742 
1.67l7.225 7.989A2 2 0 0 1 10 14z"[39m
                      [36m/>[39m
                    [36m</svg>[39m
                    [0mShow[0m
                    [0m Filters[0m
                  [36m</button>[39m
                  [36m<div[39m
                    [33mclass[39m=[32m"hidden md:flex border border-gray-300 rounded-lg overflow-hidden"[39m
                  [36m>[39m
                    [36m<button[39m
                      [33mclass[39m=[32m"px-3 py-2 bg-primary text-white"[39m
                    [36m>[39m
                      [36m<svg[39m
                        [33maria-hidden[39m=[32m"true"[39m
                        [33mclass[39m=[32m"lucide lucide-grid3x3 lucide-grid-3x3 w-5 h-5"[39m
                        [33mfill[39m=[32m"none"[39m
                        [33mheight[39m=[32m"24"[39m
                        [33mstroke[39m=[32m"currentColor"[39m
                        [33mstroke-linecap[39m=[32m"round"[39m
                        [33mstroke-linejoin[39m=[32m"round"[39m
                        [33mstroke-width[39m=[32m"2"[39m
                        [33mviewBox[39m=[32m"0 0 24 24"[39m
                        [33mwidth[39m=[32m"24"[39m
                        [33mxmlns[39m=[32m"http://www.w3.org/2000/svg"[39m
                      [36m>[39m
                        [36m<rect[39m
                          [33mheight[39m=[32m"18"[39m
                          [33mrx[39m=[32m"2"[39m
                          [33mwidth[39m=[32m"18"[39m
                          [33mx[39m=[32m"3"[39m
                          [33my[39m=[32m"3"[39m
                        [36m/>[39m
                        [36m<path[39m
                          [33md[39m=[32m"M3 9h18"[39m
                        [36m/>[39m
                        [36m<path[39m
                          [33md[39m=[32m"M3 15h18"[39m
                        [36m/>[39m
                        [36m<path[39m
                          [33md[39m=[32m"M9 3v18"[39m
                        [36m/>[39m
                        [36m<path[39m
                          [33md[39m=[32m"M15 3v18"[39m
                        [36m/>[39m
                      [36m</svg>[39m
                    [36m</button>[39m
                    [36m<button[39m
                      [33mclass[39m=[32m"px-3 py-2 bg-white text-gray-700 hover:bg-gray-50"[39m
            ...

    [0m [90m 1313 |[39m
     [90m 1314 |[39m         [90m// Should still show page title[39m
    [31m[1m>[22m[39m[90m 1315 |[39m         expect(screen[33m.[39mgetByText([32m"Live Auctions"[39m))[33m.[39mtoBeInTheDocument()[33m;[39m
     [90m      |[39m                       [31m[1m^[22m[39m
     [90m 1316 |[39m       })[33m;[39m
     [90m 1317 |[39m     })[33m;[39m
     [90m 1318 |[39m[0m

      at Object.getElementError (node_modules/@testing-library/dom/dist/config.js:37:19)
      at getElementError (node_modules/@testing-library/dom/dist/query-helpers.js:20:35)
      at getMultipleElementsFoundError (node_modules/@testing-library/dom/dist/query-helpers.js:23:10)
      at node_modules/@testing-library/dom/dist/query-helpers.js:55:13
      at node_modules/@testing-library/dom/dist/query-helpers.js:95:19
      at Object.getByText (src/app/auctions/page.test.tsx:1315:23)

  ÔùÅ AuctionsPage ÔÇ║ Edge Cases - Session 29 ÔÇ║ Auction Status Indicators ÔÇ║ highlights ending soon auctions

    TestingLibraryElementError: Found multiple elements with the text: Live Auctions

    Here are the matching elements:

    Ignored nodes: comments, script, style
    [36m<h1[39m
      [33mclass[39m=[32m"text-3xl font-bold text-gray-900"[39m
    [36m>[39m
      [0mLive Auctions[0m
    [36m</h1>[39m

    Ignored nodes: comments, script, style
    [36m<p[39m
      [33mclass[39m=[32m"text-sm text-gray-600"[39m
    [36m>[39m
      [0mLive Auctions[0m
    [36m</p>[39m

    (If this is intentional, then use the `*AllBy*` variant of the query (like `queryAllByText`, `getAllByText`, or `findAllByText`)).

    Ignored nodes: comments, script, style
    [36m<body>[39m
      [36m<div>[39m
        [36m<div>[39m
          [36m<div[39m
            [33mclass[39m=[32m"container mx-auto px-4 py-8"[39m
          [36m>[39m
            [36m<div[39m
              [33mclass[39m=[32m"mb-8"[39m
            [36m>[39m
              [36m<h1[39m
                [33mclass[39m=[32m"text-3xl font-bold text-gray-900"[39m
              [36m>[39m
                [0mLive Auctions[0m
              [36m</h1>[39m
              [36m<p[39m
                [33mclass[39m=[32m"mt-2 text-gray-600"[39m
              [36m>[39m
                [0mBid on unique items and win great deals[0m
              [36m</p>[39m
            [36m</div>[39m
            [36m<div[39m
              [33mclass[39m=[32m"flex gap-6"[39m
            [36m>[39m
              [36m<div[39m
                [33mdata-count[39m=[32m"1"[39m
                [33mdata-loading[39m=[32m"false"[39m
                [33mdata-open[39m=[32m"true"[39m
                [33mdata-testid[39m=[32m"filter-sidebar-desktop"[39m
              [36m>[39m
                [36m<div[39m
                  [33mdata-testid[39m=[32m"filter-values"[39m
                [36m>[39m
                  [0m{}[0m
                [36m</div>[39m
                [36m<button[39m
                  [33mdata-testid[39m=[32m"filter-reset"[39m
                [36m>[39m
                  [0mReset[0m
                [36m</button>[39m
                [36m<button[39m
                  [33mdata-testid[39m=[32m"filter-apply"[39m
                [36m>[39m
                  [0mApply[0m
                [36m</button>[39m
                [36m<button[39m
                  [33mdata-testid[39m=[32m"filter-close"[39m
                [36m>[39m
                  [0mClose[0m
                [36m</button>[39m
              [36m</div>[39m
              [36m<div[39m
                [33mclass[39m=[32m"flex-1"[39m
              [36m>[39m
                [36m<div[39m
                  [33mclass[39m=[32m"mb-6 flex flex-col sm:flex-row gap-4"[39m
                [36m>[39m
                  [36m<div[39m
                    [33mclass[39m=[32m"flex-1 relative"[39m
                  [36m>[39m
                    [36m<svg[39m
                      [33maria-hidden[39m=[32m"true"[39m
                      [33mclass[39m=[32m"lucide lucide-search absolute left-3 top-1/2 -translate-y-1/2 h-5 w-5 text-gray-400"[39m
                      [33mfill[39m=[32m"none"[39m
                      [33mheight[39m=[32m"24"[39m
                      [33mstroke[39m=[32m"currentColor"[39m
                      [33mstroke-linecap[39m=[32m"round"[39m
                      [33mstroke-linejoin[39m=[32m"round"[39m
                      [33mstroke-width[39m=[32m"2"[39m
                      [33mviewBox[39m=[32m"0 0 24 24"[39m
                      [33mwidth[39m=[32m"24"[39m
                      [33mxmlns[39m=[32m"http://www.w3.org/2000/svg"[39m
                    [36m>[39m
                      [36m<path[39m
                        [33md[39m=[32m"m21 21-4.34-4.34"[39m
                      [36m/>[39m
                      [36m<circle[39m
                        [33mcx[39m=[32m"11"[39m
                        [33mcy[39m=[32m"11"[39m
                        [33mr[39m=[32m"8"[39m
                      [36m/>[39m
                    [36m</svg>[39m
                    [36m<input[39m
                      [33mclass[39m=[32m"w-full pl-10 pr-4 py-2 rounded-lg border border-gray-300 focus:border-primary focus:outline-none focus:ring-1 
focus:ring-primary"[39m
                      [33mplaceholder[39m=[32m"Search auctions..."[39m
                      [33mtype[39m=[32m"text"[39m
                      [33mvalue[39m=[32m""[39m
                    [36m/>[39m
                  [36m</div>[39m
                  [36m<button[39m
                    [33mclass[39m=[32m"flex items-center gap-2 px-4 py-2 rounded-lg bg-blue-600 text-white hover:bg-blue-700 transition-colors"[39m
                  [36m>[39m
                    [36m<svg[39m
                      [33maria-hidden[39m=[32m"true"[39m
                      [33mclass[39m=[32m"lucide lucide-funnel h-5 w-5"[39m
                      [33mfill[39m=[32m"none"[39m
                      [33mheight[39m=[32m"24"[39m
                      [33mstroke[39m=[32m"currentColor"[39m
                      [33mstroke-linecap[39m=[32m"round"[39m
                      [33mstroke-linejoin[39m=[32m"round"[39m
                      [33mstroke-width[39m=[32m"2"[39m
                      [33mviewBox[39m=[32m"0 0 24 24"[39m
                      [33mwidth[39m=[32m"24"[39m
                      [33mxmlns[39m=[32m"http://www.w3.org/2000/svg"[39m
                    [36m>[39m
                      [36m<path[39m
                        [33md[39m=[32m"M10 20a1 1 0 0 0 .553.895l2 1A1 1 0 0 0 14 21v-7a2 2 0 0 1 .517-1.341L21.74 4.67A1 1 0 0 0 21 3H3a1 1 0 0 0-.742 
1.67l7.225 7.989A2 2 0 0 1 10 14z"[39m
                      [36m/>[39m
                    [36m</svg>[39m
                    [0mShow[0m
                    [0m Filters[0m
                  [36m</button>[39m
                  [36m<div[39m
                    [33mclass[39m=[32m"hidden md:flex border border-gray-300 rounded-lg overflow-hidden"[39m
                  [36m>[39m
                    [36m<button[39m
                      [33mclass[39m=[32m"px-3 py-2 bg-primary text-white"[39m
                    [36m>[39m
                      [36m<svg[39m
                        [33maria-hidden[39m=[32m"true"[39m
                        [33mclass[39m=[32m"lucide lucide-grid3x3 lucide-grid-3x3 w-5 h-5"[39m
                        [33mfill[39m=[32m"none"[39m
                        [33mheight[39m=[32m"24"[39m
                        [33mstroke[39m=[32m"currentColor"[39m
                        [33mstroke-linecap[39m=[32m"round"[39m
                        [33mstroke-linejoin[39m=[32m"round"[39m
                        [33mstroke-width[39m=[32m"2"[39m
                        [33mviewBox[39m=[32m"0 0 24 24"[39m
                        [33mwidth[39m=[32m"24"[39m
                        [33mxmlns[39m=[32m"http://www.w3.org/2000/svg"[39m
                      [36m>[39m
                        [36m<rect[39m
                          [33mheight[39m=[32m"18"[39m
                          [33mrx[39m=[32m"2"[39m
                          [33mwidth[39m=[32m"18"[39m
                          [33mx[39m=[32m"3"[39m
                          [33my[39m=[32m"3"[39m
                        [36m/>[39m
                        [36m<path[39m
                          [33md[39m=[32m"M3 9h18"[39m
                        [36m/>[39m
                        [36m<path[39m
                          [33md[39m=[32m"M3 15h18"[39m
                        [36m/>[39m
                        [36m<path[39m
                          [33md[39m=[32m"M9 3v18"[39m
                        [36m/>[39m
                        [36m<path[39m
                          [33md[39m=[32m"M15 3v18"[39m
                        [36m/>[39m
                      [36m</svg>[39m
                    [36m</button>[39m
                    [36m<button[39m
                      [33mclass[39m=[32m"px-3 py-2 bg-white text-gray-700 hover:bg-gray-50"[39m
                    [36m>[39m
                      [36m<svg[39m
                        [33maria-hidden[39m=[32m"true"[39m
                        [33mclass[39m=[32m"lucide lucide-list w-5 h-5"[39m
                        [33mfill[39m=[32m"none"[39m
                        [33mheight[39m=[32m"24"[39m
                        [33mstroke[39m=[32m"currentColor"[39m
                        [33mstroke-linecap[39m=[32m"round"[39m
                        [33mstroke-linejoin[39m=[32m"round"[39m
                        [33mstroke-width[39m=[32m"2"[39m
                        [33mviewBox[39m=[32m"0 0 24 24"[39m
                        [33mwidth[39m=[32m"24"[39m
                        [33mxmlns[39m=[32m"http://www.w3.org/2000/svg"[39m
                      [36m>[39m
                        [36m<path[39m
                          [33md[39m=[32m"M3 5h.01"[39m
                        [36m/>[39m
                        [36m<path[39m
                          [33md[39m=[32m"M3 12h.01"[39m
                        [36m/>[39m
                        [36m<path[39m
                          [33md[39m=[32m"M3 19h.01"[39m
                        [36m/>[39m
                        [36m<path[39m
                          [33md[39m=[32m"M8 5h13"[39m
                        [36m/>[39m
                        [36m<path[39m
                          [33md[39m=[32m"M8 12h13"[39m
                        [36m/>[39m
                        [36m<path[39m
                          [33md[39m=[32m"M8 19h13"[39m
                        [36m/>[39m
                      [36m</svg>[39m
                    [36m</button>[39m
                  [36m</div>[39m
                [36m</div>[39m
                [36m<p[39m
                  [33mclass[39m=[32m"mb-4 text-sm text-gray-600"[39m
                [36m>[39m
                  [0mShowing [0m
                  [0m1[0m
                  [0m-[0m
                  [0m1[0m
                  [0m of [0m
                  [0m1[0m
                  [0m [0m
                  [0mresults[0m
                [36m</p>[39m
                [36m<div[39m
                  [33mclass[39m=[32m"mb-6 grid gap-4 sm:grid-cols-3"[39m
                [36m>[39m
                  [36m<div[39m
                    [33mclass[39m=[32m"rounded-lg border border-gray-200 bg-white p-4"[39m
                  [36m>[39m
                    [36m<div[39m
                      [33mclass[39m=[32m"flex items-center gap-3"[39m
                    [36m>[39m
                      [36m<div[39m
                        [33mclass[39m=[32m"rounded-full bg-green-100 p-3"[39m
                      [36m>[39m
                        [36m<svg[39m
                          [33maria-hidden[39m=[32m"true"[39m
                          [33mclass[39m=[32m"lucide lucide-gavel h-6 w-6 text-green-600"[39m
                          [33mfill[39m=[32m"none"[39m
                          [33mheight[39m=[32m"24"[39m
                          [33mstroke[39m=[32m"currentColor"[39m
                          [33mstroke-linecap[39m=[32m"round"[39m
                          [33mstroke-linejoin[39m=[32m"round"[39m
                          [33mstroke-width[39m=[32m"2"[39m
                          [33mviewBox[39m=[32m"0 0 24 24"[39m
                          [33mwidth[39m=[32m"24"[39m
                          [33mxmlns[39m=[32m"http://www.w3.org/2000/svg"[39m
                        [36m>[39m
                          [36m<path[39m
                            [33md[39m=[32m"m14 13-8.381 8.38a1 1 0 0 1-3.001-3l8.384-8.381"[39m
                          [36m/>[39m
                          [36m<path[39m
                            [33md[39m=[32m"m16 16 6-6"[39m
                          [36m/>[39m
                          [36m<path[39m
                            [33md[39m=[32m"m21.5 10.5-8-8"[39m
                          [36m/>[39m
                          [36m<path[39m
                            [33md[39m=[32m"m8 8 6-6"[39m
                          [36m/>[39m
                          [36m<path[39m
                            [33md[39m=[32m"m8.5 7.5 8 8"[39m
                          [36m/>[39m
                        [36m</svg>[39m
                      [36m</div>[39m
                      [36m<div>[39m
                        [36m<p[39m
                          [33mclass[39m=[32m"text-sm text-gray-600"[39m
                        [36m>[39m
                          [0mLive Auctions[0m
                        [36m</p>[39m
                        [36m<p[39m
                          [33mclass[39m=[32m"text-2xl font-bold text-gray-900"[39m
                        [36m>[39m
                          [0m1[0m
                        [36m</p>[39m
                      [36m</div>[39m
                    [36m</div>[39m
                  [36m</div>[39m
                  [36m<div[39m
                    [33mclass[39m=[32m"rounded-lg border border-gray-200 bg-white p-4"[39m
                  [36m>[39m
                    [36m<div[39m
                      [33mclass[39m=[32m"flex items-center gap-3"[39m
                    [36m>[39m
                      [36m<div[39m
                        [33mclass[39m=[32m"rounded-full bg-blue-100 p-3"[39m
                      [36m>[39m
                        [36m<svg[39m
                          [33maria-hidden[39m=[32m"true"[39m
                          [33mclass[39m=[32m"lucide lucide-clock h-6 w-6 text-blue-600"[39m
                          [33mfill[39m=[32m"none"[39m
                          [33mheight[39m=[32m"24"[39m
                          [33mstroke[39m=[32m"currentColor"[39m
                          [33mstroke-linecap[39m=[32m"round"[39m
                          [33mstroke-linejoin[39m=[32m"round"[39m
                          [33mstroke-width[39m=[32m"2"[39m
                          [33mviewBox[39m=[32m"0 0 24 24"[39m
                          [33mwidth[39m=[32m"24"[39m
                          [33mxmlns[39m=[32m"http://www.w3.org/2000/svg"[39m
                        [36m>[39m
                          [36m<path[39m
                            [33md[39m=[32m"M12 6v6l4 2"[39m
                          [36m/>[39m
                          [36m<circle[39m
                            [33mcx[39m=[32m"12"[39m
                            [33mcy[39m=[32m"12"[39m
                            [33mr[39m=[32m"10"[39m
                          [36m/>[39m
                        [36m</svg>[39m
                      [36m</div>[39m
                      [36m<div>[39m
                        [36m<p[39m
                          [33mclass[39m=[32m"text-sm text-gray-600"[39m
                        [36m>[39m
                          [0mEnding Soon[0m
                        [36m</p>[39m
                        [36m<p[39m
                          [33mclass[39m=[32m"text-2xl font-bold text-gray-900"[39m
                        [36m>[39m
                          [0m1[0m
                        [36m</p>[39m
                      [36m</div>[39m
                    [36m</div>[39m
                  [36m</div>[39m
                  [36m<div[39m
                    [33mclass[39m=[32m"rounded-lg border border-gray-200 bg-white p-4"[39m
                  [36m>[39m
                    [36m<div[39m
                      [33mclass[39m=[32m"flex items-center gap-3"[39m
                    [36m>[39m
                      [36m<div[39m
                        [33mclass[39m=[32m"rounded-full bg-yellow-100 p-3"[39m
                      [36m>[39m
                        [36m<svg[39m
                          [33maria-hidden[39m=[32m"true"[39m
                          [33mclass[39m=[32m"lucide lucide-trending-up h-6 w-6 text-yellow-600"[39m
                          [33mfill[39m=[32m"none"[39m
                          [33mheight[39m=[32m"24"[39m
                          [33mstroke[39m=[32m"currentColor"[39m
                          [33mstroke-linecap[39m=[32m"round"[39m
                          [33mstroke-linejoin[39m=[32m"round"[39m
                          [33mstroke-width[39m=[32m"2"[39m
                          [33mviewBox[39m=[32m"0 0 24 24"[39m
                          [33mwidth[39m=[32m"24"[39m
                          [33mxmlns[39m=[32m"http://www.w3.org/2000/svg"[39m
                        [36m>[39m
                          [36m<path[39m
                            [33md[39m=[32m"M16 7h6v6"[39m
                          [36m/>[39m
                          [36m<path[39m
                            [33md[39m=[32m"m22 7-8.5 8.5-5-5L2 17"[39m
                          [36m/>[39m
                        [36m</svg>[39m
                      [36m</div>[39m
                      [36m<div>[39m
                        [36m<p[39m
                          [33mclass[39m=[32m"text-sm text-gray-600"[39m
                        [36m>[39m
                          [0mTotal Bids[0m
                        [36m</p>[39m
                        [36m<p[39m
                          [33mclass[39m=[32m"text-2xl font-bold text-gray-900"[39m
                        [36m>[39m
                          [0m5[0m
                        [36m</p>[39m
                      [36m</div>[39m
                    [36m</div>[39m
                  [36m</div>[39m
                [36m</div>[39m
                [36m<div[39m
                  [33mdata-testid[39m=[32m"card-grid"[39m
                [36m>[39m
                  [36m<a[39m
                    [33mclass[39m=[32m"group overflow-hidden rounded-lg border border-gray-200 bg-white hover:border-primary hover:shadow-lg 
transition-all"[39m
                    [33mhref[39m=[32m"/auctions/gaming-laptop"[39m
                  [36m>[39m
                    [36m<div[39m
                      [33mclass[39m=[32m"relative aspect-video w-full overflow-hidden bg-gray-100"[39m
                    [36m>[39m
                      [36m<img[39m
                        [33malt[39m=[32m"Gaming Laptop"[39m
                        [33mclass[39m=[32m"h-full w-full object-cover group-hover:scale-105 transition-transform duration-300"[39m
                        [33msrc[39m=[32m"/laptop.jpg"[39m
                      [36m/>[39m
                      [36m<div[39m
                        [33mclass[39m=[32m"absolute top-2 right-2 rounded-full bg-yellow-500 px-2 py-1 text-xs font-medium text-white"[39m
                      [36m>[39m
                        [0mÔÿà Featured[0m
                      [36m</div>[39m
                      [36m<div[39m
                        [33mclass[39m=[32m"absolute top-2 left-2 rounded-full bg-green-500 px-2 py-1 text-xs font-medium text-white flex items-center 
gap-1"[39m
                      [36m>[39m
                        [36m<span[39m
                          [33mclass[39m=[32m"h-2 w-2 rounded-full bg-white animate-pulse"[39m
                        [36m/>[39m
                        [0mLive[0m
                      [36m</div>[39m
                    [36m</div>[39m
                    [36m<div[39m
                      [33mclass[39m=[32m"p-4"[39m
                    [36m>[39m
                      [36m<h3[39m
                        [33mclass[39m=[32m"font-semibold text-gray-900 line-clamp-2 group-hover:text-primary transition-colors"[39m
                      [36m>[39m
                        [0mGaming Laptop[0m
                      [36m</h3>[39m
                      [36m<div[39m
                        [33mclass[39m=[32m"mt-3 space-y-2"[39m
                      [36m>[39m
                        [36m<div[39m
                          [33mclass[39m=[32m"flex items-center justify-between"[39m
                        [36m>[39m
                          [36m<span[39m
                            [33mclass[39m=[32m"text-sm text-gray-600"[39m
                          [36m>[39m
                            [0mCurrent Bid:[0m
                          [36m</span>[39m
                          [36m<span[39m
                            [33mclass[39m=[32m"text-lg font-bold text-primary"[39m
                          [36m>[39m
                            [0mÔé╣[0m
                            [0m1,500[0m
                          [36m</span>[39m
                        [36m</div>[39m
                        [36m<div[39m
                          [33mclass[39m=[32m"flex items-center justify-between text-sm"[39m
                        [36m>[39m
                          [36m<span[39m
                            [33mclass[39m=[32m"text-gray-600"[39m
                          [36m>[39m
                            [0mBids:[0m
                          [36m</span>[39m
                          [36m<span[39m
                            [33mclass[39m=[32m"font-medium text-gray-900"[39m
                          [36m>[39m
                            [0m5[0m
                          [36m</span>[39m
                        [36m</div>[39m
                        [36m<div[39m
                          [33mclass[39m=[32m"flex items-center justify-between text-sm"[39m
                        [36m>[39m
                          [36m<span[39m
                            [33mclass[39m=[32m"text-gray-600"[39m
                          [36m>[39m
                            [0mTime Left:[0m
                          [36m</span>[39m
                          [36m<span[39m
                            [33mclass[39m=[32m"font-medium text-red-600"[39m
                          [36m>[39m
                            [0m23h 59m left[0m
                          [36m</span>[39m
                        [36m</div>[39m
                      [36m</div>[39m
                      [36m<button[39m
                        [33mclass[39m=[32m"mt-4 w-full rounded-lg bg-primary px-4 py-2 text-sm font-medium text-white hover:bg-primary/90 
transition-colors"[39m
                      [36m>[39m
                        [0mPlace Bid[0m
                      [36m</button>[39m
                    [36m</div>[39m
                  [36m</a>[39m
                [36m</div>[39m
              [36m</div>[39m
            [36m</div>[39m
          [36m</div>[39m
        [36m</div>[39m
      [36m</div>[39m
    [36m</body>[39m

    [0m [90m 1341 |[39m
     [90m 1342 |[39m         [90m// Component loaded successfully[39m
    [31m[1m>[22m[39m[90m 1343 |[39m         expect(screen[33m.[39mgetByText([32m"Live Auctions"[39m))[33m.[39mtoBeInTheDocument()[33m;[39m
     [90m      |[39m                       [31m[1m^[22m[39m
     [90m 1344 |[39m       })[33m;[39m
     [90m 1345 |[39m
     [90m 1346 |[39m       it([32m"shows ended auction status"[39m[33m,[39m [36masync[39m () [33m=>[39m {[0m

      at Object.getElementError (node_modules/@testing-library/dom/dist/config.js:37:19)
      at getElementError (node_modules/@testing-library/dom/dist/query-helpers.js:20:35)
      at getMultipleElementsFoundError (node_modules/@testing-library/dom/dist/query-helpers.js:23:10)
      at node_modules/@testing-library/dom/dist/query-helpers.js:55:13
      at node_modules/@testing-library/dom/dist/query-helpers.js:95:19
      at Object.getByText (src/app/auctions/page.test.tsx:1343:23)

Test Suites: 1 failed, 1 total
Tests:       5 failed, 41 passed, 46 total
Snapshots:   0 total
Time:        5.347 s
Ran all test suites matching src/app/auctions/page.test.tsx.
Force exiting Jest: Have you considered using `--detectOpenHandles` to detect async operations that kept running after all tests finished?
