.next/dev/types/app/api/homepage-sections/route.ts(68,7): error TS2344: Type '{ __tag__: "GET"; __return_type__: Promise<unknown>; }' does not satisfy the constraint '{ __tag__: "GET"; __return_type__: void | Response | Promise<void | Response>; }'.
  Types of property '__return_type__' are incompatible.
    Type 'Promise<unknown>' is not assignable to type 'void | Response | Promise<void | Response>'.
      Type 'Promise<unknown>' is not assignable to type 'Promise<void | Response>'.
        Type 'unknown' is not assignable to type 'void | Response'.
.next/dev/types/app/api/homepage-sections/route.ts(185,7): error TS2344: Type '{ __tag__: "POST"; __return_type__: Promise<unknown>; }' does not satisfy the constraint '{ __tag__: "POST"; __return_type__: void | Response | Promise<void | Response>; }'.
  Types of property '__return_type__' are incompatible.
    Type 'Promise<unknown>' is not assignable to type 'void | Response | Promise<void | Response>'.
      Type 'Promise<unknown>' is not assignable to type 'Promise<void | Response>'.
        Type 'unknown' is not assignable to type 'void | Response'.
.next/dev/types/validator.ts(1584,31): error TS2344: Type 'typeof import("D:/proj/letitrip.in/src/app/api/carousel/[id]/route")' does not satisfy the constraint 'RouteHandlerConfig<"/api/carousel/[id]">'.
  The types returned by 'GET(...)' are incompatible between these types.
    Type 'Promise<unknown>' is not assignable to type 'void | Response | Promise<void | Response>'.
      Type 'Promise<unknown>' is not assignable to type 'Promise<void | Response>'.
        Type 'unknown' is not assignable to type 'void | Response'.
.next/dev/types/validator.ts(1593,31): error TS2344: Type 'typeof import("D:/proj/letitrip.in/src/app/api/carousel/route")' does not satisfy the constraint 'RouteHandlerConfig<"/api/carousel">'.
  The types returned by 'GET(...)' are incompatible between these types.
    Type 'Promise<unknown>' is not assignable to type 'void | Response | Promise<void | Response>'.
      Type 'Promise<unknown>' is not assignable to type 'Promise<void | Response>'.
        Type 'unknown' is not assignable to type 'void | Response'.
.next/dev/types/validator.ts(1827,31): error TS2344: Type 'typeof import("D:/proj/letitrip.in/src/app/api/homepage-sections/route")' does not satisfy the constraint 'RouteHandlerConfig<"/api/homepage-sections">'.
  The types returned by 'GET(...)' are incompatible between these types.
    Type 'Promise<unknown>' is not assignable to type 'void | Response | Promise<void | Response>'.
      Type 'Promise<unknown>' is not assignable to type 'Promise<void | Response>'.
        Type 'unknown' is not assignable to type 'void | Response'.
.next/dev/types/validator.ts(1980,31): error TS2344: Type 'typeof import("D:/proj/letitrip.in/src/app/api/pre-orders/route")' does not satisfy the constraint 'RouteHandlerConfig<"/api/pre-orders">'.
  The types returned by 'GET(...)' are incompatible between these types.
    Type 'Promise<unknown>' is not assignable to type 'void | Response | Promise<void | Response>'.
      Type 'Promise<unknown>' is not assignable to type 'Promise<void | Response>'.
        Type 'unknown' is not assignable to type 'void | Response'.
.next/dev/types/validator.ts(2106,31): error TS2344: Type 'typeof import("D:/proj/letitrip.in/src/app/api/search/route")' does not satisfy the constraint 'RouteHandlerConfig<"/api/search">'.
  The types returned by 'GET(...)' are incompatible between these types.
    Type 'Promise<unknown>' is not assignable to type 'void | Response | Promise<void | Response>'.
      Type 'Promise<unknown>' is not assignable to type 'Promise<void | Response>'.
        Type 'unknown' is not assignable to type 'void | Response'.
.next/types/app/api/carousel/[id]/route.ts(68,7): error TS2344: Type '{ __tag__: "GET"; __return_type__: Promise<unknown>; }' does not satisfy the constraint '{ __tag__: "GET"; __return_type__: void | Response | Promise<void | Response>; }'.
  Types of property '__return_type__' are incompatible.
    Type 'Promise<unknown>' is not assignable to type 'void | Response | Promise<void | Response>'.
      Type 'Promise<unknown>' is not assignable to type 'Promise<void | Response>'.
        Type 'unknown' is not assignable to type 'void | Response'.
.next/types/app/api/carousel/[id]/route.ts(263,7): error TS2344: Type '{ __tag__: "DELETE"; __return_type__: Promise<unknown>; }' does not satisfy the constraint '{ __tag__: "DELETE"; __return_type__: void | Response | Promise<void | Response>; }'.
  Types of property '__return_type__' are incompatible.
    Type 'Promise<unknown>' is not assignable to type 'void | Response | Promise<void | Response>'.
      Type 'Promise<unknown>' is not assignable to type 'Promise<void | Response>'.
        Type 'unknown' is not assignable to type 'void | Response'.
.next/types/app/api/carousel/[id]/route.ts(302,7): error TS2344: Type '{ __tag__: "PATCH"; __return_type__: Promise<unknown>; }' does not satisfy the constraint '{ __tag__: "PATCH"; __return_type__: void | Response | Promise<void | Response>; }'.
  Types of property '__return_type__' are incompatible.
    Type 'Promise<unknown>' is not assignable to type 'void | Response | Promise<void | Response>'.
      Type 'Promise<unknown>' is not assignable to type 'Promise<void | Response>'.
        Type 'unknown' is not assignable to type 'void | Response'.
.next/types/app/api/carousel/route.ts(68,7): error TS2344: Type '{ __tag__: "GET"; __return_type__: Promise<unknown>; }' does not satisfy the constraint '{ __tag__: "GET"; __return_type__: void | Response | Promise<void | Response>; }'.
  Types of property '__return_type__' are incompatible.
    Type 'Promise<unknown>' is not assignable to type 'void | Response | Promise<void | Response>'.
      Type 'Promise<unknown>' is not assignable to type 'Promise<void | Response>'.
        Type 'unknown' is not assignable to type 'void | Response'.
.next/types/app/api/carousel/route.ts(185,7): error TS2344: Type '{ __tag__: "POST"; __return_type__: Promise<unknown>; }' does not satisfy the constraint '{ __tag__: "POST"; __return_type__: void | Response | Promise<void | Response>; }'.
  Types of property '__return_type__' are incompatible.
    Type 'Promise<unknown>' is not assignable to type 'void | Response | Promise<void | Response>'.
      Type 'Promise<unknown>' is not assignable to type 'Promise<void | Response>'.
        Type 'unknown' is not assignable to type 'void | Response'.
.next/types/app/api/homepage-sections/route.ts(68,7): error TS2344: Type '{ __tag__: "GET"; __return_type__: Promise<unknown>; }' does not satisfy the constraint '{ __tag__: "GET"; __return_type__: void | Response | Promise<void | Response>; }'.
  Types of property '__return_type__' are incompatible.
    Type 'Promise<unknown>' is not assignable to type 'void | Response | Promise<void | Response>'.
      Type 'Promise<unknown>' is not assignable to type 'Promise<void | Response>'.
        Type 'unknown' is not assignable to type 'void | Response'.
.next/types/app/api/homepage-sections/route.ts(185,7): error TS2344: Type '{ __tag__: "POST"; __return_type__: Promise<unknown>; }' does not satisfy the constraint '{ __tag__: "POST"; __return_type__: void | Response | Promise<void | Response>; }'.
  Types of property '__return_type__' are incompatible.
    Type 'Promise<unknown>' is not assignable to type 'void | Response | Promise<void | Response>'.
      Type 'Promise<unknown>' is not assignable to type 'Promise<void | Response>'.
        Type 'unknown' is not assignable to type 'void | Response'.
.next/types/app/api/pre-orders/route.ts(68,7): error TS2344: Type '{ __tag__: "GET"; __return_type__: Promise<unknown>; }' does not satisfy the constraint '{ __tag__: "GET"; __return_type__: void | Response | Promise<void | Response>; }'.
  Types of property '__return_type__' are incompatible.
    Type 'Promise<unknown>' is not assignable to type 'void | Response | Promise<void | Response>'.
      Type 'Promise<unknown>' is not assignable to type 'Promise<void | Response>'.
        Type 'unknown' is not assignable to type 'void | Response'.
.next/types/app/api/pre-orders/route.ts(185,7): error TS2344: Type '{ __tag__: "POST"; __return_type__: Promise<unknown>; }' does not satisfy the constraint '{ __tag__: "POST"; __return_type__: void | Response | Promise<void | Response>; }'.
  Types of property '__return_type__' are incompatible.
    Type 'Promise<unknown>' is not assignable to type 'void | Response | Promise<void | Response>'.
      Type 'Promise<unknown>' is not assignable to type 'Promise<void | Response>'.
        Type 'unknown' is not assignable to type 'void | Response'.
.next/types/app/api/search/route.ts(68,7): error TS2344: Type '{ __tag__: "GET"; __return_type__: Promise<unknown>; }' does not satisfy the constraint '{ __tag__: "GET"; __return_type__: void | Response | Promise<void | Response>; }'.
  Types of property '__return_type__' are incompatible.
    Type 'Promise<unknown>' is not assignable to type 'void | Response | Promise<void | Response>'.
      Type 'Promise<unknown>' is not assignable to type 'Promise<void | Response>'.
        Type 'unknown' is not assignable to type 'void | Response'.
.next/types/validator.ts(1584,31): error TS2344: Type 'typeof import("D:/proj/letitrip.in/src/app/api/carousel/[id]/route")' does not satisfy the constraint 'RouteHandlerConfig<"/api/carousel/[id]">'.
  The types returned by 'GET(...)' are incompatible between these types.
    Type 'Promise<unknown>' is not assignable to type 'void | Response | Promise<void | Response>'.
      Type 'Promise<unknown>' is not assignable to type 'Promise<void | Response>'.
        Type 'unknown' is not assignable to type 'void | Response'.
.next/types/validator.ts(1593,31): error TS2344: Type 'typeof import("D:/proj/letitrip.in/src/app/api/carousel/route")' does not satisfy the constraint 'RouteHandlerConfig<"/api/carousel">'.
  The types returned by 'GET(...)' are incompatible between these types.
    Type 'Promise<unknown>' is not assignable to type 'void | Response | Promise<void | Response>'.
      Type 'Promise<unknown>' is not assignable to type 'Promise<void | Response>'.
        Type 'unknown' is not assignable to type 'void | Response'.
.next/types/validator.ts(1827,31): error TS2344: Type 'typeof import("D:/proj/letitrip.in/src/app/api/homepage-sections/route")' does not satisfy the constraint 'RouteHandlerConfig<"/api/homepage-sections">'.
  The types returned by 'GET(...)' are incompatible between these types.
    Type 'Promise<unknown>' is not assignable to type 'void | Response | Promise<void | Response>'.
      Type 'Promise<unknown>' is not assignable to type 'Promise<void | Response>'.
        Type 'unknown' is not assignable to type 'void | Response'.
.next/types/validator.ts(1980,31): error TS2344: Type 'typeof import("D:/proj/letitrip.in/src/app/api/pre-orders/route")' does not satisfy the constraint 'RouteHandlerConfig<"/api/pre-orders">'.
  The types returned by 'GET(...)' are incompatible between these types.
    Type 'Promise<unknown>' is not assignable to type 'void | Response | Promise<void | Response>'.
      Type 'Promise<unknown>' is not assignable to type 'Promise<void | Response>'.
        Type 'unknown' is not assignable to type 'void | Response'.
.next/types/validator.ts(2106,31): error TS2344: Type 'typeof import("D:/proj/letitrip.in/src/app/api/search/route")' does not satisfy the constraint 'RouteHandlerConfig<"/api/search">'.
  The types returned by 'GET(...)' are incompatible between these types.
    Type 'Promise<unknown>' is not assignable to type 'void | Response | Promise<void | Response>'.
      Type 'Promise<unknown>' is not assignable to type 'Promise<void | Response>'.
        Type 'unknown' is not assignable to type 'void | Response'.
src/actions/algolia.actions.ts(27,8): error TS2305: Module '"@mohasinac/appkit/providers/search-algolia"' has no exported member 'AlgoliaNavRecord'.
src/actions/algolia.actions.ts(196,27): error TS7006: Parameter 'doc' implicitly has an 'any' type.
src/actions/algolia.actions.ts(237,27): error TS7006: Parameter 'doc' implicitly has an 'any' type.
src/actions/algolia.actions.ts(276,27): error TS7006: Parameter 'doc' implicitly has an 'any' type.
src/actions/algolia.actions.ts(313,27): error TS7006: Parameter 'doc' implicitly has an 'any' type.
src/app/api/admin/algolia/sync-pages/route.ts(22,8): error TS2305: Module '"@mohasinac/appkit/providers/search-algolia"' has no exported member 'AlgoliaNavRecord'.
src/app/api/admin/algolia/sync-pages/route.ts(175,27): error TS7006: Parameter 'doc' implicitly has an 'any' type.
src/app/api/admin/algolia/sync-pages/route.ts(215,27): error TS7006: Parameter 'doc' implicitly has an 'any' type.
src/app/api/admin/algolia/sync-pages/route.ts(253,27): error TS7006: Parameter 'doc' implicitly has an 'any' type.
src/app/api/admin/algolia/sync-pages/route.ts(291,27): error TS7006: Parameter 'doc' implicitly has an 'any' type.
src/app/api/admin/faqs/route.ts(15,3): error TS2322: Type '({ request }: { request: Request; user?: RouteUser | undefined; body?: unknown; params?: Record<string, string> | undefined; }) => Promise<NextResponse<ApiSuccessResponse<FirebaseSieveResult<FAQDocument>>>>' is not assignable to type '(ctx: { request: Request; user?: RouteUser | undefined; body?: unknown; params?: Record<string, string> | undefined; }) => Promise<NextResponse<unknown>>'.
  Type 'Promise<NextResponse<ApiSuccessResponse<FirebaseSieveResult<FAQDocument>>>>' is not assignable to type 'Promise<NextResponse<unknown>>'.
    Property '[INTERNALS]' is missing in type 'NextResponse<ApiSuccessResponse<FirebaseSieveResult<FAQDocument>>>' but required in type 'NextResponse<unknown>'.
src/app/api/auth/event/init/route.ts(37,3): error TS2322: Type '({ request }: { request: Request; user?: RouteUser | undefined; body?: unknown; params?: Record<string, string> | undefined; }) => Promise<NextResponse<ApiErrorResponse> | NextResponse<...>>' is not assignable to type '(ctx: { request: Request; user?: RouteUser | undefined; body?: unknown; params?: Record<string, string> | undefined; }) => Promise<NextResponse<unknown>>'.
  Type 'Promise<NextResponse<ApiErrorResponse> | NextResponse<ApiSuccessResponse<{ eventId: `${string}-${string}-${string}-${string}-${string}`; customToken: any; expiresAt: number; }>>>' is not assignable to type 'Promise<NextResponse<unknown>>'.
    Type 'NextResponse<ApiErrorResponse> | NextResponse<ApiSuccessResponse<{ eventId: `${string}-${string}-${string}-${string}-${string}`; customToken: any; expiresAt: number; }>>' is not assignable to type 'NextResponse<unknown>'.
      Property '[INTERNALS]' is missing in type 'NextResponse<ApiErrorResponse>' but required in type 'NextResponse<unknown>'.
src/app/api/auth/forgot-password/route.ts(33,3): error TS2322: Type '({ request, body }: { request: Request; user?: RouteUser | undefined; body?: { email: string; } | undefined; params?: Record<string, string> | undefined; }) => Promise<NextResponse<ApiErrorResponse> | NextResponse<...>>' is not assignable to type '(ctx: { request: Request; user?: RouteUser | undefined; body?: { email: string; } | undefined; params?: Record<string, string> | undefined; }) => Promise<NextResponse<unknown>>'.
  Type 'Promise<NextResponse<ApiErrorResponse> | NextResponse<ApiSuccessResponse<undefined>>>' is not assignable to type 'Promise<NextResponse<unknown>>'.
    Type 'NextResponse<ApiErrorResponse> | NextResponse<ApiSuccessResponse<undefined>>' is not assignable to type 'NextResponse<unknown>'.
      Property '[INTERNALS]' is missing in type 'NextResponse<ApiErrorResponse>' but required in type 'NextResponse<unknown>'.
src/app/api/auth/reset-password/route.ts(21,3): error TS2322: Type '({ body }: { request: Request; user?: RouteUser | undefined; body?: { token: string; newPassword: string; } | undefined; params?: Record<string, string> | undefined; }) => Promise<...>' is not assignable to type '(ctx: { request: Request; user?: RouteUser | undefined; body?: { token: string; newPassword: string; } | undefined; params?: Record<string, string> | undefined; }) => Promise<...>'.
  Type 'Promise<NextResponse<ApiSuccessResponse<undefined>>>' is not assignable to type 'Promise<NextResponse<unknown>>'.
    Property '[INTERNALS]' is missing in type 'NextResponse<ApiSuccessResponse<undefined>>' but required in type 'NextResponse<unknown>'.
src/app/api/auth/send-verification/route.ts(21,3): error TS2322: Type '({ body }: { request: Request; user?: RouteUser | undefined; body?: { email: string; } | undefined; params?: Record<string, string> | undefined; }) => Promise<NextResponse<ApiErrorResponse> | NextResponse<...>>' is not assignable to type '(ctx: { request: Request; user?: RouteUser | undefined; body?: { email: string; } | undefined; params?: Record<string, string> | undefined; }) => Promise<NextResponse<unknown>>'.
  Type 'Promise<NextResponse<ApiErrorResponse> | NextResponse<ApiSuccessResponse<undefined>>>' is not assignable to type 'Promise<NextResponse<unknown>>'.
    Type 'NextResponse<ApiErrorResponse> | NextResponse<ApiSuccessResponse<undefined>>' is not assignable to type 'NextResponse<unknown>'.
      Property '[INTERNALS]' is missing in type 'NextResponse<ApiErrorResponse>' but required in type 'NextResponse<unknown>'.
src/app/api/auth/verify-email/route.ts(18,3): error TS2322: Type '({ request }: { request: Request; user?: RouteUser | undefined; body?: unknown; params?: Record<string, string> | undefined; }) => Promise<NextResponse<ApiSuccessResponse<undefined>>>' is not assignable to type '(ctx: { request: Request; user?: RouteUser | undefined; body?: unknown; params?: Record<string, string> | undefined; }) => Promise<NextResponse<unknown>>'.
  Type 'Promise<NextResponse<ApiSuccessResponse<undefined>>>' is not assignable to type 'Promise<NextResponse<unknown>>'.
    Property '[INTERNALS]' is missing in type 'NextResponse<ApiSuccessResponse<undefined>>' but required in type 'NextResponse<unknown>'.
src/app/api/bids/[id]/route.ts(20,3): error TS2322: Type '({ request, params }: { request: Request; user?: RouteUser | undefined; body?: undefined; params?: { id: string; } | undefined; }) => Promise<NextResponse<ApiErrorResponse> | NextResponse<...>>' is not assignable to type '(ctx: { request: Request; user?: RouteUser | undefined; body?: undefined; params?: { id: string; } | undefined; }) => Promise<NextResponse<unknown>>'.
  Type 'Promise<NextResponse<ApiErrorResponse> | NextResponse<ApiSuccessResponse<BidDocument>>>' is not assignable to type 'Promise<NextResponse<unknown>>'.
    Type 'NextResponse<ApiErrorResponse> | NextResponse<ApiSuccessResponse<BidDocument>>' is not assignable to type 'NextResponse<unknown>'.
      Property '[INTERNALS]' is missing in type 'NextResponse<ApiErrorResponse>' but required in type 'NextResponse<unknown>'.
src/app/api/carousel/[id]/route.ts(6,8): error TS2307: Cannot find module '@mohasinac/feat-homepage/server' or its corresponding type declarations.
src/app/api/carousel/route.ts(2,43): error TS2307: Cannot find module '@mohasinac/feat-homepage/server' or its corresponding type declarations.
src/app/api/cart/[itemId]/route.ts(30,3): error TS2322: Type '({ request, user, body, params }: { request: Request; user?: RouteUser | undefined; body?: { quantity: number; } | undefined; params?: { itemId: string; } | undefined; }) => Promise<NextResponse<ApiErrorResponse> | NextResponse<...>>' is not assignable to type '(ctx: { request: Request; user?: RouteUser | undefined; body?: { quantity: number; } | undefined; params?: { itemId: string; } | undefined; }) => Promise<NextResponse<unknown>>'.
  Type 'Promise<NextResponse<ApiErrorResponse> | NextResponse<ApiSuccessResponse<{ cart: CartDocument; itemCount: number; subtotal: number; }>>>' is not assignable to type 'Promise<NextResponse<unknown>>'.
    Type 'NextResponse<ApiErrorResponse> | NextResponse<ApiSuccessResponse<{ cart: CartDocument; itemCount: number; subtotal: number; }>>' is not assignable to type 'NextResponse<unknown>'.
      Property '[INTERNALS]' is missing in type 'NextResponse<ApiErrorResponse>' but required in type 'NextResponse<unknown>'.
src/app/api/cart/[itemId]/route.ts(55,3): error TS2322: Type '({ request, user, params }: { request: Request; user?: RouteUser | undefined; body?: undefined; params?: { itemId: string; } | undefined; }) => Promise<NextResponse<ApiErrorResponse> | NextResponse<...>>' is not assignable to type '(ctx: { request: Request; user?: RouteUser | undefined; body?: undefined; params?: { itemId: string; } | undefined; }) => Promise<NextResponse<unknown>>'.
  Type 'Promise<NextResponse<ApiErrorResponse> | NextResponse<ApiSuccessResponse<{ cart: CartDocument; itemCount: number; subtotal: number; }>>>' is not assignable to type 'Promise<NextResponse<unknown>>'.
    Type 'NextResponse<ApiErrorResponse> | NextResponse<ApiSuccessResponse<{ cart: CartDocument; itemCount: number; subtotal: number; }>>' is not assignable to type 'NextResponse<unknown>'.
      Property '[INTERNALS]' is missing in type 'NextResponse<ApiErrorResponse>' but required in type 'NextResponse<unknown>'.
src/app/api/cart/merge/route.ts(35,3): error TS2322: Type '({ user, body }: { request: Request; user?: RouteUser | undefined; body?: { items: { productId: string; quantity: number; }[]; } | undefined; params?: Record<string, string> | undefined; }) => Promise<...>' is not assignable to type '(ctx: { request: Request; user?: RouteUser | undefined; body?: { items: { productId: string; quantity: number; }[]; } | undefined; params?: Record<string, string> | undefined; }) => Promise<...>'.
  Type 'Promise<NextResponse<ApiSuccessResponse<{ cart: CartDocument; itemCount: number; subtotal: number; }>>>' is not assignable to type 'Promise<NextResponse<unknown>>'.
    Property '[INTERNALS]' is missing in type 'NextResponse<ApiSuccessResponse<{ cart: CartDocument; itemCount: number; subtotal: number; }>>' but required in type 'NextResponse<unknown>'.
src/app/api/cart/route.ts(27,3): error TS2322: Type '({ user }: { request: Request; user?: RouteUser | undefined; body?: unknown; params?: Record<string, string> | undefined; }) => Promise<NextResponse<ApiSuccessResponse<{ cart: CartDocument; itemCount: number; subtotal: number; }>>>' is not assignable to type '(ctx: { request: Request; user?: RouteUser | undefined; body?: unknown; params?: Record<string, string> | undefined; }) => Promise<NextResponse<unknown>>'.
  Type 'Promise<NextResponse<ApiSuccessResponse<{ cart: CartDocument; itemCount: number; subtotal: number; }>>>' is not assignable to type 'Promise<NextResponse<unknown>>'.
    Property '[INTERNALS]' is missing in type 'NextResponse<ApiSuccessResponse<{ cart: CartDocument; itemCount: number; subtotal: number; }>>' but required in type 'NextResponse<unknown>'.
src/app/api/cart/route.ts(40,3): error TS2322: Type '({ user, body }: { request: Request; user?: RouteUser | undefined; body?: { productId: string; quantity: number; } | undefined; params?: Record<string, string> | undefined; }) => Promise<...>' is not assignable to type '(ctx: { request: Request; user?: RouteUser | undefined; body?: { productId: string; quantity: number; } | undefined; params?: Record<string, string> | undefined; }) => Promise<...>'.
  Type 'Promise<NextResponse<ApiErrorResponse> | NextResponse<ApiSuccessResponse<{ cart: CartDocument; itemCount: number; subtotal: number; }>>>' is not assignable to type 'Promise<NextResponse<unknown>>'.
    Type 'NextResponse<ApiErrorResponse> | NextResponse<ApiSuccessResponse<{ cart: CartDocument; itemCount: number; subtotal: number; }>>' is not assignable to type 'NextResponse<unknown>'.
      Property '[INTERNALS]' is missing in type 'NextResponse<ApiErrorResponse>' but required in type 'NextResponse<unknown>'.
src/app/api/cart/route.ts(88,3): error TS2322: Type '({ user }: { request: Request; user?: RouteUser | undefined; body?: unknown; params?: Record<string, string> | undefined; }) => Promise<NextResponse<ApiSuccessResponse<{ cart: CartDocument; itemCount: number; subtotal: number; }>>>' is not assignable to type '(ctx: { request: Request; user?: RouteUser | undefined; body?: unknown; params?: Record<string, string> | undefined; }) => Promise<NextResponse<unknown>>'.
  Type 'Promise<NextResponse<ApiSuccessResponse<{ cart: CartDocument; itemCount: number; subtotal: number; }>>>' is not assignable to type 'Promise<NextResponse<unknown>>'.
    Property '[INTERNALS]' is missing in type 'NextResponse<ApiSuccessResponse<{ cart: CartDocument; itemCount: number; subtotal: number; }>>' but required in type 'NextResponse<unknown>'.
src/app/api/checkout/preflight/route.ts(48,3): error TS2322: Type '({ user }: { request: Request; user?: RouteUser | undefined; body?: { addressId: string; } | undefined; params?: Record<string, string> | undefined; }) => Promise<NextResponse<...>>' is not assignable to type '(ctx: { request: Request; user?: RouteUser | undefined; body?: { addressId: string; } | undefined; params?: Record<string, string> | undefined; }) => Promise<NextResponse<...>>'.
  Type 'Promise<NextResponse<ApiSuccessResponse<{ available: CartItemDocument[]; unavailable: UnavailableItem[]; }>>>' is not assignable to type 'Promise<NextResponse<unknown>>'.
    Property '[INTERNALS]' is missing in type 'NextResponse<ApiSuccessResponse<{ available: CartItemDocument[]; unavailable: UnavailableItem[]; }>>' but required in type 'NextResponse<unknown>'.
src/app/api/checkout/route.ts(85,3): error TS2322: Type '({ user, body }: { request: Request; user?: RouteUser | undefined; body?: { addressId: string; paymentMethod: "online" | "cod" | "upi_manual"; notes?: string | undefined; excludedProductIds?: string[] | undefined; } | undefined; params?: Record<...> | undefined; }) => Promise<...>' is not assignable to type '(ctx: { request: Request; user?: RouteUser | undefined; body?: { addressId: string; paymentMethod: "online" | "cod" | "upi_manual"; notes?: string | undefined; excludedProductIds?: string[] | undefined; } | undefined; params?: Record<...> | undefined; }) => Promise<...>'.
  Type 'Promise<NextResponse<ApiSuccessResponse<{ unavailableItems?: { productId: string; productTitle: string; requestedQty: number; availableQty: number; }[] | undefined; orderIds: string[]; total: number; itemCount: number; }>>>' is not assignable to type 'Promise<NextResponse<unknown>>'.
    Property '[INTERNALS]' is missing in type 'NextResponse<ApiSuccessResponse<{ unavailableItems?: { productId: string; productTitle: string; requestedQty: number; availableQty: number; }[] | undefined; orderIds: string[]; total: number; itemCount: number; }>>' but required in type 'NextResponse<unknown>'.
src/app/api/checkout/route.ts(149,16): error TS7006: Parameter 'tx' implicitly has an 'any' type.
src/app/api/checkout/route.ts(394,16): error TS7006: Parameter 'snap' implicitly has an 'any' type.
src/app/api/checkout/route.ts(405,17): error TS7006: Parameter 'err' implicitly has an 'any' type.
src/app/api/contact/route.ts(27,3): error TS2322: Type '({ request, body }: { request: Request; user?: RouteUser | undefined; body?: { name: string; email: string; subject: string; message: string; } | undefined; params?: Record<string, string> | undefined; }) => Promise<...>' is not assignable to type '(ctx: { request: Request; user?: RouteUser | undefined; body?: { name: string; email: string; subject: string; message: string; } | undefined; params?: Record<string, string> | undefined; }) => Promise<...>'.
  Type 'Promise<NextResponse<ApiErrorResponse> | NextResponse<ApiSuccessResponse<{ sent: boolean; }>>>' is not assignable to type 'Promise<NextResponse<unknown>>'.
    Type 'NextResponse<ApiErrorResponse> | NextResponse<ApiSuccessResponse<{ sent: boolean; }>>' is not assignable to type 'NextResponse<unknown>'.
      Property '[INTERNALS]' is missing in type 'NextResponse<ApiErrorResponse>' but required in type 'NextResponse<unknown>'.
src/app/api/copilot/feedback/[logId]/route.ts(27,3): error TS2322: Type '({ body, params }: { request: Request; user?: RouteUser | undefined; body?: { feedback: "positive" | "negative"; } | undefined; params?: { logId: string; } | undefined; }) => Promise<NextResponse<...>>' is not assignable to type '(ctx: { request: Request; user?: RouteUser | undefined; body?: { feedback: "positive" | "negative"; } | undefined; params?: { logId: string; } | undefined; }) => Promise<NextResponse<...>>'.
  Type 'Promise<NextResponse<ApiSuccessResponse<null>>>' is not assignable to type 'Promise<NextResponse<unknown>>'.
    Property '[INTERNALS]' is missing in type 'NextResponse<ApiSuccessResponse<null>>' but required in type 'NextResponse<unknown>'.
src/app/api/copilot/history/route.ts(20,3): error TS2322: Type '({ request }: { request: Request; user?: RouteUser | undefined; body?: unknown; params?: Record<string, string> | undefined; }) => Promise<NextResponse<ApiSuccessResponse<{ messages: CopilotLogDocument[]; }>>>' is not assignable to type '(ctx: { request: Request; user?: RouteUser | undefined; body?: unknown; params?: Record<string, string> | undefined; }) => Promise<NextResponse<unknown>>'.
  Type 'Promise<NextResponse<ApiSuccessResponse<{ messages: CopilotLogDocument[]; }>>>' is not assignable to type 'Promise<NextResponse<unknown>>'.
    Property '[INTERNALS]' is missing in type 'NextResponse<ApiSuccessResponse<{ messages: CopilotLogDocument[]; }>>' but required in type 'NextResponse<unknown>'.
src/app/api/coupons/validate/route.ts(30,3): error TS2322: Type '({ user, body }: { request: Request; user?: RouteUser | undefined; body?: { code: string; orderTotal: number; } | undefined; params?: Record<string, string> | undefined; }) => Promise<...>' is not assignable to type '(ctx: { request: Request; user?: RouteUser | undefined; body?: { code: string; orderTotal: number; } | undefined; params?: Record<string, string> | undefined; }) => Promise<...>'.
  Type 'Promise<NextResponse<ApiSuccessResponse<{ valid: boolean; coupon?: CouponDocument | undefined; discountAmount?: number | undefined; message?: string | undefined; }>>>' is not assignable to type 'Promise<NextResponse<unknown>>'.
    Property '[INTERNALS]' is missing in type 'NextResponse<ApiSuccessResponse<{ valid: boolean; coupon?: CouponDocument | undefined; discountAmount?: number | undefined; message?: string | undefined; }>>' but required in type 'NextResponse<unknown>'.
src/app/api/demo/algolia/route.ts(47,8): error TS2305: Module '"@mohasinac/appkit/providers/search-algolia"' has no exported member 'AlgoliaNavRecord'.
src/app/api/demo/algolia/route.ts(190,27): error TS7006: Parameter 'doc' implicitly has an 'any' type.
src/app/api/demo/algolia/route.ts(231,27): error TS7006: Parameter 'doc' implicitly has an 'any' type.
src/app/api/demo/algolia/route.ts(270,27): error TS7006: Parameter 'doc' implicitly has an 'any' type.
src/app/api/demo/seed/route.ts(227,45): error TS7006: Parameter 's' implicitly has an 'any' type.
src/app/api/demo/seed/route.ts(241,45): error TS7006: Parameter 's' implicitly has an 'any' type.
src/app/api/demo/seed/route.ts(255,45): error TS7006: Parameter 's' implicitly has an 'any' type.
src/app/api/demo/seed/route.ts(269,45): error TS7006: Parameter 's' implicitly has an 'any' type.
src/app/api/demo/seed/route.ts(277,45): error TS7006: Parameter 's' implicitly has an 'any' type.
src/app/api/events/[id]/leaderboard/route.ts(15,3): error TS2322: Type '({ params }: { request: Request; user?: RouteUser | undefined; body?: undefined; params?: { id: string; } | undefined; }) => Promise<NextResponse<ApiSuccessResponse<{ leaderboard: { id: string; eventId: string; userId?: string | undefined; ... 8 more ...; submittedAt: Date; }[]; pointsLabel: string; }>>>' is not assignable to type '(ctx: { request: Request; user?: RouteUser | undefined; body?: undefined; params?: { id: string; } | undefined; }) => Promise<NextResponse<unknown>>'.
  Type 'Promise<NextResponse<ApiSuccessResponse<{ leaderboard: { id: string; eventId: string; userId?: string | undefined; userDisplayName?: string | undefined; pollVotes?: string[] | undefined; pollComment?: string | undefined; ... 5 more ...; submittedAt: Date; }[]; pointsLabel: string; }>>>' is not assignable to type 'Promise<NextResponse<unknown>>'.
    Property '[INTERNALS]' is missing in type 'NextResponse<ApiSuccessResponse<{ leaderboard: { id: string; eventId: string; userId?: string | undefined; userDisplayName?: string | undefined; pollVotes?: string[] | undefined; pollComment?: string | undefined; reviewStatus: EntryReviewStatus; ... 4 more ...; submittedAt: Date; }[]; pointsLabel: string; }>>' but required in type 'NextResponse<unknown>'.
src/app/api/faqs/[id]/route.ts(23,3): error TS2322: Type '({ params }: { request: Request; user?: RouteUser | undefined; body?: undefined; params?: IdParams | undefined; }) => Promise<NextResponse<ApiSuccessResponse<FAQDocument>>>' is not assignable to type '(ctx: { request: Request; user?: RouteUser | undefined; body?: undefined; params?: IdParams | undefined; }) => Promise<NextResponse<unknown>>'.
  Type 'Promise<NextResponse<ApiSuccessResponse<FAQDocument>>>' is not assignable to type 'Promise<NextResponse<unknown>>'.
    Property '[INTERNALS]' is missing in type 'NextResponse<ApiSuccessResponse<FAQDocument>>' but required in type 'NextResponse<unknown>'.
src/app/api/faqs/[id]/route.ts(85,3): error TS2322: Type '({ params, body }: { request: Request; user?: RouteUser | undefined; body?: Partial<{ question?: string | undefined; answer?: { text: string; format: "html" | "plain" | "markdown"; } | undefined; ... 11 more ...; template?: string | undefined; }> | undefined; params?: IdParams | undefined; }) => Promise<...>' is not assignable to type '(ctx: { request: Request; user?: RouteUser | undefined; body?: Partial<{ question?: string | undefined; answer?: { text: string; format: "html" | "plain" | "markdown"; } | undefined; ... 11 more ...; template?: string | undefined; }> | undefined; params?: IdParams | undefined; }) => Promise<...>'.
  Type 'Promise<NextResponse<ApiSuccessResponse<FAQDocument>>>' is not assignable to type 'Promise<NextResponse<unknown>>'.
    Property '[INTERNALS]' is missing in type 'NextResponse<ApiSuccessResponse<FAQDocument>>' but required in type 'NextResponse<unknown>'.
src/app/api/faqs/[id]/route.ts(100,3): error TS2322: Type '({ params }: { request: Request; user?: RouteUser | undefined; body?: undefined; params?: IdParams | undefined; }) => Promise<NextResponse<ApiSuccessResponse<undefined>>>' is not assignable to type '(ctx: { request: Request; user?: RouteUser | undefined; body?: undefined; params?: IdParams | undefined; }) => Promise<NextResponse<unknown>>'.
  Type 'Promise<NextResponse<ApiSuccessResponse<undefined>>>' is not assignable to type 'Promise<NextResponse<unknown>>'.
    Property '[INTERNALS]' is missing in type 'NextResponse<ApiSuccessResponse<undefined>>' but required in type 'NextResponse<unknown>'.
src/app/api/faqs/[id]/vote/route.ts(26,3): error TS2322: Type '({ params, body }: { request: Request; user?: RouteUser | undefined; body?: { vote: "helpful" | "not-helpful"; } | undefined; params?: IdParams | undefined; }) => Promise<...>' is not assignable to type '(ctx: { request: Request; user?: RouteUser | undefined; body?: { vote: "helpful" | "not-helpful"; } | undefined; params?: IdParams | undefined; }) => Promise<...>'.
  Type 'Promise<NextResponse<ApiSuccessResponse<{ helpful: number; notHelpful: number; }>>>' is not assignable to type 'Promise<NextResponse<unknown>>'.
    Property '[INTERNALS]' is missing in type 'NextResponse<ApiSuccessResponse<{ helpful: number; notHelpful: number; }>>' but required in type 'NextResponse<unknown>'.
src/app/api/faqs/route.ts(53,3): error TS2322: Type '({ request }: { request: Request; user?: RouteUser | undefined; body?: unknown; params?: Record<string, string> | undefined; }) => Promise<NextResponse<ApiErrorResponse> | NextResponse<...>>' is not assignable to type '(ctx: { request: Request; user?: RouteUser | undefined; body?: unknown; params?: Record<string, string> | undefined; }) => Promise<NextResponse<unknown>>'.
  Type 'Promise<NextResponse<ApiErrorResponse> | NextResponse<ApiSuccessResponse<{ items: { answer: { text: string; format: "html" | "plain" | "markdown"; }; id: string; question: string; category: FAQCategory; ... 15 more ...; updatedAt: Date; }[]; ... 5 more ...; categories: readonly [...]; }>>>' is not assignable to type 'Promise<NextResponse<unknown>>'.
    Type 'NextResponse<ApiErrorResponse> | NextResponse<ApiSuccessResponse<{ items: { answer: { text: string; format: "html" | "plain" | "markdown"; }; id: string; question: string; category: FAQCategory; ... 15 more ...; updatedAt: Date; }[]; ... 5 more ...; categories: readonly [...]; }>>' is not assignable to type 'NextResponse<unknown>'.
      Property '[INTERNALS]' is missing in type 'NextResponse<ApiErrorResponse>' but required in type 'NextResponse<unknown>'.
src/app/api/faqs/route.ts(203,3): error TS2322: Type '({ user, body }: { request: Request; user?: RouteUser | undefined; body?: { question: string; answer: { text: string; format: "html" | "plain" | "markdown"; }; category: string; showOnHomepage: boolean; ... 9 more ...; template?: string | undefined; } | undefined; params?: Record<...> | undefined; }) => Promise<...>' is not assignable to type '(ctx: { request: Request; user?: RouteUser | undefined; body?: { question: string; answer: { text: string; format: "html" | "plain" | "markdown"; }; category: string; showOnHomepage: boolean; ... 9 more ...; template?: string | undefined; } | undefined; params?: Record<...> | undefined; }) => Promise<...>'.
  Type 'Promise<NextResponse<ApiSuccessResponse<FAQDocument>>>' is not assignable to type 'Promise<NextResponse<unknown>>'.
    Property '[INTERNALS]' is missing in type 'NextResponse<ApiSuccessResponse<FAQDocument>>' but required in type 'NextResponse<unknown>'.
src/app/api/homepage-sections/[id]/route.ts(5,8): error TS2307: Cannot find module '@mohasinac/feat-homepage/server' or its corresponding type declarations.
src/app/api/homepage-sections/route.ts(2,44): error TS2307: Cannot find module '@mohasinac/feat-homepage/server' or its corresponding type declarations.
src/app/api/media/crop/route.ts(39,3): error TS2322: Type '({ request, user, body }: { request: Request; user?: RouteUser | undefined; body?: { sourceUrl: string; x: number; y: number; width: number; height: number; rotation?: number | undefined; aspectRatio?: string | undefined; ... 4 more ...; minHeight?: number | undefined; } | undefined; params?: Record<...> | undefined...' is not assignable to type '(ctx: { request: Request; user?: RouteUser | undefined; body?: { sourceUrl: string; x: number; y: number; width: number; height: number; rotation?: number | undefined; aspectRatio?: string | undefined; ... 4 more ...; minHeight?: number | undefined; } | undefined; params?: Record<...> | undefined; }) => Promise<...>'.
  Type 'Promise<NextResponse<ApiErrorResponse> | NextResponse<ApiSuccessResponse<{ url: any; path: string; filename: string; cropData: { x: number; y: number; width: number; height: number; }; format: "webp" | ... 1 more ... | "jpeg"; quality: number; size: number; }>>>' is not assignable to type 'Promise<NextResponse<unknown>>'.
    Type 'NextResponse<ApiErrorResponse> | NextResponse<ApiSuccessResponse<{ url: any; path: string; filename: string; cropData: { x: number; y: number; width: number; height: number; }; format: "webp" | ... 1 more ... | "jpeg"; quality: number; size: number; }>>' is not assignable to type 'NextResponse<unknown>'.
      Property '[INTERNALS]' is missing in type 'NextResponse<ApiErrorResponse>' but required in type 'NextResponse<unknown>'.
src/app/api/media/trim/route.ts(40,3): error TS2322: Type '({ request, user, body }: { request: Request; user?: RouteUser | undefined; body?: { sourceUrl: string; startTime: number; endTime: number; outputFolder?: string | undefined; outputFormat?: "mp4" | ... 1 more ... | undefined; quality?: "low" | ... 2 more ... | undefined; } | undefined; params?: Record<...> | undefin...' is not assignable to type '(ctx: { request: Request; user?: RouteUser | undefined; body?: { sourceUrl: string; startTime: number; endTime: number; outputFolder?: string | undefined; outputFormat?: "mp4" | ... 1 more ... | undefined; quality?: "low" | ... 2 more ... | undefined; } | undefined; params?: Record<...> | undefined; }) => Promise<...>'.
  Type 'Promise<NextResponse<ApiErrorResponse> | NextResponse<ApiSuccessResponse<{ url: any; path: string; filename: string; trimData: { startTime: number; endTime: number; duration: number; }; format: "mp4" | "webm"; quality: "low" | ... 1 more ... | "high"; size: number; }>>>' is not assignable to type 'Promise<NextResponse<unknown>>'.
    Type 'NextResponse<ApiErrorResponse> | NextResponse<ApiSuccessResponse<{ url: any; path: string; filename: string; trimData: { startTime: number; endTime: number; duration: number; }; format: "mp4" | "webm"; quality: "low" | ... 1 more ... | "high"; size: number; }>>' is not assignable to type 'NextResponse<unknown>'.
      Property '[INTERNALS]' is missing in type 'NextResponse<ApiErrorResponse>' but required in type 'NextResponse<unknown>'.
src/app/api/media/upload/route.ts(38,3): error TS2322: Type '({ user, request }: { request: Request; user?: RouteUser | undefined; body?: unknown; params?: Record<string, string> | undefined; }) => Promise<NextResponse<ApiErrorResponse> | NextResponse<...>>' is not assignable to type '(ctx: { request: Request; user?: RouteUser | undefined; body?: unknown; params?: Record<string, string> | undefined; }) => Promise<NextResponse<unknown>>'.
  Type 'Promise<NextResponse<ApiErrorResponse> | NextResponse<ApiSuccessResponse<{ url: string; path: string; filename: string; size: number; type: string; isPublic: boolean; uploadedBy: string; uploadedAt: string; }>>>' is not assignable to type 'Promise<NextResponse<unknown>>'.
    Type 'NextResponse<ApiErrorResponse> | NextResponse<ApiSuccessResponse<{ url: string; path: string; filename: string; size: number; type: string; isPublic: boolean; uploadedBy: string; uploadedAt: string; }>>' is not assignable to type 'NextResponse<unknown>'.
      Property '[INTERNALS]' is missing in type 'NextResponse<ApiErrorResponse>' but required in type 'NextResponse<unknown>'.
src/app/api/newsletter/subscribe/route.ts(30,3): error TS2322: Type '({ request, body }: { request: Request; user?: RouteUser | undefined; body?: { email: string; source?: "admin" | "footer" | "homepage" | "checkout" | "popup" | "import" | undefined; } | undefined; params?: Record<...> | undefined; }) => Promise<...>' is not assignable to type '(ctx: { request: Request; user?: RouteUser | undefined; body?: { email: string; source?: "admin" | "footer" | "homepage" | "checkout" | "popup" | "import" | undefined; } | undefined; params?: Record<...> | undefined; }) => Promise<...>'.
  Type 'Promise<NextResponse<ApiErrorResponse> | NextResponse<ApiSuccessResponse<{ subscribed: boolean; }>>>' is not assignable to type 'Promise<NextResponse<unknown>>'.
    Type 'NextResponse<ApiErrorResponse> | NextResponse<ApiSuccessResponse<{ subscribed: boolean; }>>' is not assignable to type 'NextResponse<unknown>'.
      Property '[INTERNALS]' is missing in type 'NextResponse<ApiErrorResponse>' but required in type 'NextResponse<unknown>'.
src/app/api/notifications/[id]/route.ts(22,3): error TS2322: Type '({ request, user, params }: { request: Request; user?: RouteUser | undefined; body?: undefined; params?: IdParams | undefined; }) => Promise<NextResponse<ApiErrorResponse> | NextResponse<...>>' is not assignable to type '(ctx: { request: Request; user?: RouteUser | undefined; body?: undefined; params?: IdParams | undefined; }) => Promise<NextResponse<unknown>>'.
  Type 'Promise<NextResponse<ApiErrorResponse> | NextResponse<ApiSuccessResponse<NotificationDocument | null>>>' is not assignable to type 'Promise<NextResponse<unknown>>'.
    Type 'NextResponse<ApiErrorResponse> | NextResponse<ApiSuccessResponse<NotificationDocument | null>>' is not assignable to type 'NextResponse<unknown>'.
      Property '[INTERNALS]' is missing in type 'NextResponse<ApiErrorResponse>' but required in type 'NextResponse<unknown>'.
src/app/api/notifications/[id]/route.ts(49,3): error TS2322: Type '({ request, user, params }: { request: Request; user?: RouteUser | undefined; body?: undefined; params?: IdParams | undefined; }) => Promise<NextResponse<ApiErrorResponse> | NextResponse<...>>' is not assignable to type '(ctx: { request: Request; user?: RouteUser | undefined; body?: undefined; params?: IdParams | undefined; }) => Promise<NextResponse<unknown>>'.
  Type 'Promise<NextResponse<ApiErrorResponse> | NextResponse<ApiSuccessResponse<{ id: string; }>>>' is not assignable to type 'Promise<NextResponse<unknown>>'.
    Type 'NextResponse<ApiErrorResponse> | NextResponse<ApiSuccessResponse<{ id: string; }>>' is not assignable to type 'NextResponse<unknown>'.
      Property '[INTERNALS]' is missing in type 'NextResponse<ApiErrorResponse>' but required in type 'NextResponse<unknown>'.
src/app/api/notifications/read-all/route.ts(18,3): error TS2322: Type '({ user }: { request: Request; user?: RouteUser | undefined; body?: unknown; params?: Record<string, string> | undefined; }) => Promise<NextResponse<ApiSuccessResponse<{ count: number; }>>>' is not assignable to type '(ctx: { request: Request; user?: RouteUser | undefined; body?: unknown; params?: Record<string, string> | undefined; }) => Promise<NextResponse<unknown>>'.
  Type 'Promise<NextResponse<ApiSuccessResponse<{ count: number; }>>>' is not assignable to type 'Promise<NextResponse<unknown>>'.
    Property '[INTERNALS]' is missing in type 'NextResponse<ApiSuccessResponse<{ count: number; }>>' but required in type 'NextResponse<unknown>'.
src/app/api/notifications/route.ts(57,3): error TS2322: Type '({ request, user }: { request: Request; user?: RouteUser | undefined; body?: unknown; params?: Record<string, string> | undefined; }) => Promise<NextResponse<ApiSuccessResponse<{ notifications: NotificationDocument[]; unreadCount: number; }>>>' is not assignable to type '(ctx: { request: Request; user?: RouteUser | undefined; body?: unknown; params?: Record<string, string> | undefined; }) => Promise<NextResponse<unknown>>'.
  Type 'Promise<NextResponse<ApiSuccessResponse<{ notifications: NotificationDocument[]; unreadCount: number; }>>>' is not assignable to type 'Promise<NextResponse<unknown>>'.
    Property '[INTERNALS]' is missing in type 'NextResponse<ApiSuccessResponse<{ notifications: NotificationDocument[]; unreadCount: number; }>>' but required in type 'NextResponse<unknown>'.
src/app/api/notifications/route.ts(79,3): error TS2322: Type '({ body }: { request: Request; user?: RouteUser | undefined; body?: { userId: string; type: "welcome" | "order_placed" | "order_confirmed" | "order_shipped" | "order_delivered" | ... 13 more ... | "refund_initiated"; ... 7 more ...; relatedType?: "user" | ... 5 more ... | undefined; } | undefined; params?: Record<.....' is not assignable to type '(ctx: { request: Request; user?: RouteUser | undefined; body?: { userId: string; type: "welcome" | "order_placed" | "order_confirmed" | "order_shipped" | "order_delivered" | ... 13 more ... | "refund_initiated"; ... 7 more ...; relatedType?: "user" | ... 5 more ... | undefined; } | undefined; params?: Record<...> | ...'.
  Type 'Promise<NextResponse<ApiSuccessResponse<NotificationDocument>>>' is not assignable to type 'Promise<NextResponse<unknown>>'.
    Property '[INTERNALS]' is missing in type 'NextResponse<ApiSuccessResponse<NotificationDocument>>' but required in type 'NextResponse<unknown>'.
src/app/api/notifications/unread-count/route.ts(16,3): error TS2322: Type '({ user }: { request: Request; user?: RouteUser | undefined; body?: unknown; params?: Record<string, string> | undefined; }) => Promise<NextResponse<ApiSuccessResponse<{ count: number; }>>>' is not assignable to type '(ctx: { request: Request; user?: RouteUser | undefined; body?: unknown; params?: Record<string, string> | undefined; }) => Promise<NextResponse<unknown>>'.
  Type 'Promise<NextResponse<ApiSuccessResponse<{ count: number; }>>>' is not assignable to type 'Promise<NextResponse<unknown>>'.
    Property '[INTERNALS]' is missing in type 'NextResponse<ApiSuccessResponse<{ count: number; }>>' but required in type 'NextResponse<unknown>'.
src/app/api/payment/create-order/route.ts(30,3): error TS2322: Type '({ user, body }: { request: Request; user?: RouteUser | undefined; body?: { amount: number; currency: string; receipt?: string | undefined; } | undefined; params?: Record<string, string> | undefined; }) => Promise<...>' is not assignable to type '(ctx: { request: Request; user?: RouteUser | undefined; body?: { amount: number; currency: string; receipt?: string | undefined; } | undefined; params?: Record<string, string> | undefined; }) => Promise<...>'.
  Type 'Promise<NextResponse<ApiSuccessResponse<{ razorpayOrderId: string; amount: number; currency: string; keyId: string; platformFee: number; baseAmount: number; }>>>' is not assignable to type 'Promise<NextResponse<unknown>>'.
    Property '[INTERNALS]' is missing in type 'NextResponse<ApiSuccessResponse<{ razorpayOrderId: string; amount: number; currency: string; keyId: string; platformFee: number; baseAmount: number; }>>' but required in type 'NextResponse<unknown>'.
src/app/api/payment/event/init/route.ts(53,3): error TS2322: Type '({ request, user, body }: { request: Request; user?: RouteUser | undefined; body?: { razorpayOrderId: string; } | undefined; params?: Record<string, string> | undefined; }) => Promise<...>' is not assignable to type '(ctx: { request: Request; user?: RouteUser | undefined; body?: { razorpayOrderId: string; } | undefined; params?: Record<string, string> | undefined; }) => Promise<...>'.
  Type 'Promise<NextResponse<ApiErrorResponse> | NextResponse<ApiSuccessResponse<{ eventId: string; customToken: any; expiresAt: number; }>>>' is not assignable to type 'Promise<NextResponse<unknown>>'.
    Type 'NextResponse<ApiErrorResponse> | NextResponse<ApiSuccessResponse<{ eventId: string; customToken: any; expiresAt: number; }>>' is not assignable to type 'NextResponse<unknown>'.
      Property '[INTERNALS]' is missing in type 'NextResponse<ApiErrorResponse>' but required in type 'NextResponse<unknown>'.
src/app/api/payment/otp/request/route.ts(31,3): error TS2322: Type '({ user }: { request: Request; user?: RouteUser | undefined; body?: unknown; params?: Record<string, string> | undefined; }) => Promise<NextResponse<ApiSuccessResponse<{ allowed: boolean; count: number; }>>>' is not assignable to type '(ctx: { request: Request; user?: RouteUser | undefined; body?: unknown; params?: Record<string, string> | undefined; }) => Promise<NextResponse<unknown>>'.
  Type 'Promise<NextResponse<ApiSuccessResponse<{ allowed: boolean; count: number; }>>>' is not assignable to type 'Promise<NextResponse<unknown>>'.
    Property '[INTERNALS]' is missing in type 'NextResponse<ApiSuccessResponse<{ allowed: boolean; count: number; }>>' but required in type 'NextResponse<unknown>'.
src/app/api/payment/preorder/route.ts(56,3): error TS2322: Type '({ user, body }: { request: Request; user?: RouteUser | undefined; body?: { razorpay_order_id: string; razorpay_payment_id: string; razorpay_signature: string; productId: string; addressId: string; notes?: string | undefined; } | undefined; params?: Record<...> | undefined; }) => Promise<...>' is not assignable to type '(ctx: { request: Request; user?: RouteUser | undefined; body?: { razorpay_order_id: string; razorpay_payment_id: string; razorpay_signature: string; productId: string; addressId: string; notes?: string | undefined; } | undefined; params?: Record<...> | undefined; }) => Promise<...>'.
  Type 'Promise<NextResponse<ApiSuccessResponse<{ orderId: string; }>>>' is not assignable to type 'Promise<NextResponse<unknown>>'.
    Property '[INTERNALS]' is missing in type 'NextResponse<ApiSuccessResponse<{ orderId: string; }>>' but required in type 'NextResponse<unknown>'.
src/app/api/payment/verify/route.ts(75,3): error TS2322: Type '({ user, body }: { request: Request; user?: RouteUser | undefined; body?: { razorpay_order_id: string; razorpay_payment_id: string; razorpay_signature: string; addressId: string; notes?: string | undefined; platformFee?: number | undefined; } | undefined; params?: Record<...> | undefined; }) => Promise<...>' is not assignable to type '(ctx: { request: Request; user?: RouteUser | undefined; body?: { razorpay_order_id: string; razorpay_payment_id: string; razorpay_signature: string; addressId: string; notes?: string | undefined; platformFee?: number | undefined; } | undefined; params?: Record<...> | undefined; }) => Promise<...>'.
  Type 'Promise<NextResponse<ApiSuccessResponse<{ orderIds: string[]; total: number; itemCount: number; }>>>' is not assignable to type 'Promise<NextResponse<unknown>>'.
    Property '[INTERNALS]' is missing in type 'NextResponse<ApiSuccessResponse<{ orderIds: string[]; total: number; itemCount: number; }>>' but required in type 'NextResponse<unknown>'.
src/app/api/payment/verify/route.ts(380,15): error TS7006: Parameter 'err' implicitly has an 'any' type.
src/app/api/pre-orders/route.ts(2,10): error TS2305: Module '"@mohasinac/appkit/features/pre-orders"' has no exported member 'GET'.
src/app/api/pre-orders/route.ts(2,23): error TS2305: Module '"@mohasinac/appkit/features/pre-orders"' has no exported member 'POST'.
src/app/api/profile/[userId]/reviews/route.ts(24,3): error TS2322: Type '({ request, params }: { request: Request; user?: RouteUser | undefined; body?: undefined; params?: { userId: string; } | undefined; }) => Promise<NextResponse<ApiErrorResponse> | NextResponse<...> | NextResponse<...>>' is not assignable to type '(ctx: { request: Request; user?: RouteUser | undefined; body?: undefined; params?: { userId: string; } | undefined; }) => Promise<NextResponse<unknown>>'.
  Type 'Promise<NextResponse<ApiErrorResponse> | NextResponse<ApiSuccessResponse<{ reviews: never[]; averageRating: number; totalReviews: number; ratingDistribution: { 1: number; 2: number; 3: number; 4: number; 5: number; }; }>> | NextResponse<...>>' is not assignable to type 'Promise<NextResponse<unknown>>'.
    Type 'NextResponse<ApiErrorResponse> | NextResponse<ApiSuccessResponse<{ reviews: never[]; averageRating: number; totalReviews: number; ratingDistribution: { 1: number; 2: number; 3: number; 4: number; 5: number; }; }>> | NextResponse<...>' is not assignable to type 'NextResponse<unknown>'.
      Property '[INTERNALS]' is missing in type 'NextResponse<ApiErrorResponse>' but required in type 'NextResponse<unknown>'.
src/app/api/profile/[userId]/route.ts(10,3): error TS2322: Type '({ request, params }: { request: Request; user?: RouteUser | undefined; body?: undefined; params?: { userId: string; } | undefined; }) => Promise<NextResponse<ApiErrorResponse> | NextResponse<...>>' is not assignable to type '(ctx: { request: Request; user?: RouteUser | undefined; body?: undefined; params?: { userId: string; } | undefined; }) => Promise<NextResponse<unknown>>'.
  Type 'Promise<NextResponse<ApiErrorResponse> | NextResponse<ApiSuccessResponse<Partial<UserDocument>>>>' is not assignable to type 'Promise<NextResponse<unknown>>'.
    Type 'NextResponse<ApiErrorResponse> | NextResponse<ApiSuccessResponse<Partial<UserDocument>>>' is not assignable to type 'NextResponse<unknown>'.
      Property '[INTERNALS]' is missing in type 'NextResponse<ApiErrorResponse>' but required in type 'NextResponse<unknown>'.
src/app/api/profile/add-phone/route.ts(22,3): error TS2322: Type '({ user, body }: { request: Request; user?: RouteUser | undefined; body?: { phoneNumber: string; } | undefined; params?: Record<string, string> | undefined; }) => Promise<...>' is not assignable to type '(ctx: { request: Request; user?: RouteUser | undefined; body?: { phoneNumber: string; } | undefined; params?: Record<string, string> | undefined; }) => Promise<...>'.
  Type 'Promise<NextResponse<ApiSuccessResponse<{ verificationId: null; }>>>' is not assignable to type 'Promise<NextResponse<unknown>>'.
    Property '[INTERNALS]' is missing in type 'NextResponse<ApiSuccessResponse<{ verificationId: null; }>>' but required in type 'NextResponse<unknown>'.
src/app/api/profile/delete-account/route.ts(23,3): error TS2322: Type '({ user, request }: { request: Request; user?: RouteUser | undefined; body?: { confirmation: "DELETE"; } | undefined; params?: Record<string, string> | undefined; }) => Promise<...>' is not assignable to type '(ctx: { request: Request; user?: RouteUser | undefined; body?: { confirmation: "DELETE"; } | undefined; params?: Record<string, string> | undefined; }) => Promise<...>'.
  Type 'Promise<NextResponse<ApiErrorResponse> | NextResponse<ApiSuccessResponse<null>>>' is not assignable to type 'Promise<NextResponse<unknown>>'.
    Type 'NextResponse<ApiErrorResponse> | NextResponse<ApiSuccessResponse<null>>' is not assignable to type 'NextResponse<unknown>'.
      Property '[INTERNALS]' is missing in type 'NextResponse<ApiErrorResponse>' but required in type 'NextResponse<unknown>'.
src/app/api/profile/verify-phone/route.ts(21,3): error TS2322: Type '({ user }: { request: Request; user?: RouteUser | undefined; body?: { verificationId: string; code: string; } | undefined; params?: Record<string, string> | undefined; }) => Promise<...>' is not assignable to type '(ctx: { request: Request; user?: RouteUser | undefined; body?: { verificationId: string; code: string; } | undefined; params?: Record<string, string> | undefined; }) => Promise<...>'.
  Type 'Promise<NextResponse<ApiSuccessResponse<{ phoneNumber: any; }>>>' is not assignable to type 'Promise<NextResponse<unknown>>'.
    Property '[INTERNALS]' is missing in type 'NextResponse<ApiSuccessResponse<{ phoneNumber: any; }>>' but required in type 'NextResponse<unknown>'.
src/app/api/promotions/route.ts(21,3): error TS2322: Type '() => Promise<NextResponse<ApiSuccessResponse<{ promotedProducts: ProductDocument[]; featuredProducts: ProductDocument[]; activeCoupons: CouponDocument[]; }>>>' is not assignable to type '(ctx: { request: Request; user?: RouteUser | undefined; body?: unknown; params?: Record<string, string> | undefined; }) => Promise<NextResponse<unknown>>'.
  Type 'Promise<NextResponse<ApiSuccessResponse<{ promotedProducts: ProductDocument[]; featuredProducts: ProductDocument[]; activeCoupons: CouponDocument[]; }>>>' is not assignable to type 'Promise<NextResponse<unknown>>'.
    Property '[INTERNALS]' is missing in type 'NextResponse<ApiSuccessResponse<{ promotedProducts: ProductDocument[]; featuredProducts: ProductDocument[]; activeCoupons: CouponDocument[]; }>>' but required in type 'NextResponse<unknown>'.
src/app/api/realtime/bids/[id]/route.ts(58,10): error TS7006: Parameter 'snapshot' implicitly has an 'any' type.
src/app/api/realtime/token/route.ts(16,3): error TS2322: Type '({ user }: { request: Request; user?: RouteUser | undefined; body?: unknown; params?: Record<string, string> | undefined; }) => Promise<NextResponse<ApiSuccessResponse<{ customToken: any; expiresAt: number; }>>>' is not assignable to type '(ctx: { request: Request; user?: RouteUser | undefined; body?: unknown; params?: Record<string, string> | undefined; }) => Promise<NextResponse<unknown>>'.
  Type 'Promise<NextResponse<ApiSuccessResponse<{ customToken: any; expiresAt: number; }>>>' is not assignable to type 'Promise<NextResponse<unknown>>'.
    Property '[INTERNALS]' is missing in type 'NextResponse<ApiSuccessResponse<{ customToken: any; expiresAt: number; }>>' but required in type 'NextResponse<unknown>'.
src/app/api/reviews/[id]/vote/route.ts(27,3): error TS2322: Type '({ request, user: _user, body, params }: { request: Request; user?: RouteUser | undefined; body?: { vote: "helpful" | "not_helpful"; } | undefined; params?: { id: string; } | undefined; }) => Promise<NextResponse<ApiErrorResponse> | NextResponse<...>>' is not assignable to type '(ctx: { request: Request; user?: RouteUser | undefined; body?: { vote: "helpful" | "not_helpful"; } | undefined; params?: { id: string; } | undefined; }) => Promise<NextResponse<unknown>>'.
  Type 'Promise<NextResponse<ApiErrorResponse> | NextResponse<ApiSuccessResponse<{ helpfulCount: number; }>>>' is not assignable to type 'Promise<NextResponse<unknown>>'.
    Type 'NextResponse<ApiErrorResponse> | NextResponse<ApiSuccessResponse<{ helpfulCount: number; }>>' is not assignable to type 'NextResponse<unknown>'.
      Property '[INTERNALS]' is missing in type 'NextResponse<ApiErrorResponse>' but required in type 'NextResponse<unknown>'.
src/app/api/search/route.ts(2,29): error TS2307: Cannot find module '@mohasinac/feat-search/server' or its corresponding type declarations.
src/app/api/site-settings/route.ts(128,3): error TS2322: Type '({ user, body }: { request: Request; user?: RouteUser | undefined; body?: { siteName?: string | undefined; siteDescription?: string | undefined; contactEmail?: string | undefined; ... 9 more ...; credentials?: { ...; } | undefined; } | undefined; params?: Record<...> | undefined; }) => Promise<...>' is not assignable to type '(ctx: { request: Request; user?: RouteUser | undefined; body?: { siteName?: string | undefined; siteDescription?: string | undefined; contactEmail?: string | undefined; ... 9 more ...; credentials?: { ...; } | undefined; } | undefined; params?: Record<...> | undefined; }) => Promise<...>'.
  Type 'Promise<NextResponse<ApiSuccessResponse<SiteSettingsDocument>>>' is not assignable to type 'Promise<NextResponse<unknown>>'.
    Property '[INTERNALS]' is missing in type 'NextResponse<ApiSuccessResponse<SiteSettingsDocument>>' but required in type 'NextResponse<unknown>'.
src/app/api/user/addresses/[id]/route.ts(24,3): error TS2322: Type '({ user, params, request }: { request: Request; user?: RouteUser | undefined; body?: undefined; params?: IdParams | undefined; }) => Promise<NextResponse<ApiErrorResponse> | NextResponse<...>>' is not assignable to type '(ctx: { request: Request; user?: RouteUser | undefined; body?: undefined; params?: IdParams | undefined; }) => Promise<NextResponse<unknown>>'.
  Type 'Promise<NextResponse<ApiErrorResponse> | NextResponse<ApiSuccessResponse<AddressDocument>>>' is not assignable to type 'Promise<NextResponse<unknown>>'.
    Type 'NextResponse<ApiErrorResponse> | NextResponse<ApiSuccessResponse<AddressDocument>>' is not assignable to type 'NextResponse<unknown>'.
      Property '[INTERNALS]' is missing in type 'NextResponse<ApiErrorResponse>' but required in type 'NextResponse<unknown>'.
src/app/api/user/addresses/[id]/route.ts(43,3): error TS2322: Type '({ user, body, params, request }: { request: Request; user?: RouteUser | undefined; body?: { label?: string | undefined; fullName?: string | undefined; phone?: string | undefined; addressLine1?: string | undefined; ... 6 more ...; isDefault?: boolean | undefined; } | undefined; params?: IdParams | undefined; }) => P...' is not assignable to type '(ctx: { request: Request; user?: RouteUser | undefined; body?: { label?: string | undefined; fullName?: string | undefined; phone?: string | undefined; addressLine1?: string | undefined; ... 6 more ...; isDefault?: boolean | undefined; } | undefined; params?: IdParams | undefined; }) => Promise<...>'.
  Type 'Promise<NextResponse<ApiErrorResponse> | NextResponse<ApiSuccessResponse<AddressDocument>>>' is not assignable to type 'Promise<NextResponse<unknown>>'.
    Type 'NextResponse<ApiErrorResponse> | NextResponse<ApiSuccessResponse<AddressDocument>>' is not assignable to type 'NextResponse<unknown>'.
      Property '[INTERNALS]' is missing in type 'NextResponse<ApiErrorResponse>' but required in type 'NextResponse<unknown>'.
src/app/api/user/addresses/[id]/route.ts(63,3): error TS2322: Type '({ user, params, request }: { request: Request; user?: RouteUser | undefined; body?: undefined; params?: IdParams | undefined; }) => Promise<NextResponse<ApiErrorResponse> | NextResponse<...>>' is not assignable to type '(ctx: { request: Request; user?: RouteUser | undefined; body?: undefined; params?: IdParams | undefined; }) => Promise<NextResponse<unknown>>'.
  Type 'Promise<NextResponse<ApiErrorResponse> | NextResponse<ApiSuccessResponse<null>>>' is not assignable to type 'Promise<NextResponse<unknown>>'.
    Type 'NextResponse<ApiErrorResponse> | NextResponse<ApiSuccessResponse<null>>' is not assignable to type 'NextResponse<unknown>'.
      Property '[INTERNALS]' is missing in type 'NextResponse<ApiErrorResponse>' but required in type 'NextResponse<unknown>'.
src/app/api/user/addresses/[id]/set-default/route.ts(18,3): error TS2322: Type '({ user, params, request }: { request: Request; user?: RouteUser | undefined; body?: undefined; params?: { id: string; } | undefined; }) => Promise<NextResponse<ApiErrorResponse> | NextResponse<...>>' is not assignable to type '(ctx: { request: Request; user?: RouteUser | undefined; body?: undefined; params?: { id: string; } | undefined; }) => Promise<NextResponse<unknown>>'.
  Type 'Promise<NextResponse<ApiErrorResponse> | NextResponse<ApiSuccessResponse<AddressDocument>>>' is not assignable to type 'Promise<NextResponse<unknown>>'.
    Type 'NextResponse<ApiErrorResponse> | NextResponse<ApiSuccessResponse<AddressDocument>>' is not assignable to type 'NextResponse<unknown>'.
      Property '[INTERNALS]' is missing in type 'NextResponse<ApiErrorResponse>' but required in type 'NextResponse<unknown>'.
src/app/api/user/addresses/route.ts(27,3): error TS2322: Type '({ user }: { request: Request; user?: RouteUser | undefined; body?: unknown; params?: Record<string, string> | undefined; }) => Promise<NextResponse<ApiSuccessResponse<AddressDocument[]>>>' is not assignable to type '(ctx: { request: Request; user?: RouteUser | undefined; body?: unknown; params?: Record<string, string> | undefined; }) => Promise<NextResponse<unknown>>'.
  Type 'Promise<NextResponse<ApiSuccessResponse<AddressDocument[]>>>' is not assignable to type 'Promise<NextResponse<unknown>>'.
    Property '[INTERNALS]' is missing in type 'NextResponse<ApiSuccessResponse<AddressDocument[]>>' but required in type 'NextResponse<unknown>'.
src/app/api/user/addresses/route.ts(45,3): error TS2322: Type '({ user, body }: { request: Request; user?: RouteUser | undefined; body?: { label: string; fullName: string; phone: string; addressLine1: string; city: string; state: string; postalCode: string; country: string; isDefault: boolean; addressLine2?: string | undefined; landmark?: string | undefined; } | undefined; para...' is not assignable to type '(ctx: { request: Request; user?: RouteUser | undefined; body?: { label: string; fullName: string; phone: string; addressLine1: string; city: string; state: string; postalCode: string; country: string; isDefault: boolean; addressLine2?: string | undefined; landmark?: string | undefined; } | undefined; params?: Record...'.
  Type 'Promise<NextResponse<ApiErrorResponse> | NextResponse<ApiSuccessResponse<AddressDocument>>>' is not assignable to type 'Promise<NextResponse<unknown>>'.
    Type 'NextResponse<ApiErrorResponse> | NextResponse<ApiSuccessResponse<AddressDocument>>' is not assignable to type 'NextResponse<unknown>'.
      Property '[INTERNALS]' is missing in type 'NextResponse<ApiErrorResponse>' but required in type 'NextResponse<unknown>'.
src/app/api/user/change-password/route.ts(21,3): error TS2322: Type '({ user, body }: { request: Request; user?: RouteUser | undefined; body?: { currentPassword: string; newPassword: string; } | undefined; params?: Record<string, string> | undefined; }) => Promise<...>' is not assignable to type '(ctx: { request: Request; user?: RouteUser | undefined; body?: { currentPassword: string; newPassword: string; } | undefined; params?: Record<string, string> | undefined; }) => Promise<...>'.
  Type 'Promise<NextResponse<ApiSuccessResponse<undefined>>>' is not assignable to type 'Promise<NextResponse<unknown>>'.
    Property '[INTERNALS]' is missing in type 'NextResponse<ApiSuccessResponse<undefined>>' but required in type 'NextResponse<unknown>'.
src/app/api/user/offers/route.ts(14,3): error TS2322: Type '({ user }: { request: Request; user?: RouteUser | undefined; body?: unknown; params?: Record<string, string> | undefined; }) => Promise<NextResponse<ApiSuccessResponse<FirebaseSieveResult<OfferDocument>>>>' is not assignable to type '(ctx: { request: Request; user?: RouteUser | undefined; body?: unknown; params?: Record<string, string> | undefined; }) => Promise<NextResponse<unknown>>'.
  Type 'Promise<NextResponse<ApiSuccessResponse<FirebaseSieveResult<OfferDocument>>>>' is not assignable to type 'Promise<NextResponse<unknown>>'.
    Property '[INTERNALS]' is missing in type 'NextResponse<ApiSuccessResponse<FirebaseSieveResult<OfferDocument>>>' but required in type 'NextResponse<unknown>'.
src/app/api/user/orders/[id]/cancel/route.ts(38,3): error TS2322: Type '({ user, body, params, request }: { request: Request; user?: RouteUser | undefined; body?: { reason: string; } | undefined; params?: { id: string; } | undefined; }) => Promise<NextResponse<ApiErrorResponse> | NextResponse<...>>' is not assignable to type '(ctx: { request: Request; user?: RouteUser | undefined; body?: { reason: string; } | undefined; params?: { id: string; } | undefined; }) => Promise<NextResponse<unknown>>'.
  Type 'Promise<NextResponse<ApiErrorResponse> | NextResponse<ApiSuccessResponse<OrderDocument>>>' is not assignable to type 'Promise<NextResponse<unknown>>'.
    Type 'NextResponse<ApiErrorResponse> | NextResponse<ApiSuccessResponse<OrderDocument>>' is not assignable to type 'NextResponse<unknown>'.
      Property '[INTERNALS]' is missing in type 'NextResponse<ApiErrorResponse>' but required in type 'NextResponse<unknown>'.
src/app/api/user/orders/[id]/route.ts(17,3): error TS2322: Type '({ request, user, params }: { request: Request; user?: RouteUser | undefined; body?: undefined; params?: { id: string; } | undefined; }) => Promise<NextResponse<ApiErrorResponse> | NextResponse<...>>' is not assignable to type '(ctx: { request: Request; user?: RouteUser | undefined; body?: undefined; params?: { id: string; } | undefined; }) => Promise<NextResponse<unknown>>'.
  Type 'Promise<NextResponse<ApiErrorResponse> | NextResponse<ApiSuccessResponse<OrderDocument>>>' is not assignable to type 'Promise<NextResponse<unknown>>'.
    Type 'NextResponse<ApiErrorResponse> | NextResponse<ApiSuccessResponse<OrderDocument>>' is not assignable to type 'NextResponse<unknown>'.
      Property '[INTERNALS]' is missing in type 'NextResponse<ApiErrorResponse>' but required in type 'NextResponse<unknown>'.
src/app/api/user/orders/route.ts(38,3): error TS2322: Type '({ user, request }: { request: Request; user?: RouteUser | undefined; body?: unknown; params?: Record<string, string> | undefined; }) => Promise<NextResponse<ApiSuccessResponse<{ orders: OrderDocument[]; total: number; }>>>' is not assignable to type '(ctx: { request: Request; user?: RouteUser | undefined; body?: unknown; params?: Record<string, string> | undefined; }) => Promise<NextResponse<unknown>>'.
  Type 'Promise<NextResponse<ApiSuccessResponse<{ orders: OrderDocument[]; total: number; }>>>' is not assignable to type 'Promise<NextResponse<unknown>>'.
    Property '[INTERNALS]' is missing in type 'NextResponse<ApiSuccessResponse<{ orders: OrderDocument[]; total: number; }>>' but required in type 'NextResponse<unknown>'.
src/app/api/user/sessions/[id]/route.ts(17,3): error TS2322: Type '({ user, params, request }: { request: Request; user?: RouteUser | undefined; body?: undefined; params?: { id: string; } | undefined; }) => Promise<NextResponse<ApiErrorResponse> | NextResponse<...>>' is not assignable to type '(ctx: { request: Request; user?: RouteUser | undefined; body?: undefined; params?: { id: string; } | undefined; }) => Promise<NextResponse<unknown>>'.
  Type 'Promise<NextResponse<ApiErrorResponse> | NextResponse<ApiSuccessResponse<{ sessionId: string; }>>>' is not assignable to type 'Promise<NextResponse<unknown>>'.
    Type 'NextResponse<ApiErrorResponse> | NextResponse<ApiSuccessResponse<{ sessionId: string; }>>' is not assignable to type 'NextResponse<unknown>'.
      Property '[INTERNALS]' is missing in type 'NextResponse<ApiErrorResponse>' but required in type 'NextResponse<unknown>'.
src/app/api/user/sessions/route.ts(19,3): error TS2322: Type '({ user }: { request: Request; user?: RouteUser | undefined; body?: unknown; params?: Record<string, string> | undefined; }) => Promise<NextResponse<ApiSuccessResponse<{ sessions: SessionDocument[]; activeCount: number; total: number; }>>>' is not assignable to type '(ctx: { request: Request; user?: RouteUser | undefined; body?: unknown; params?: Record<string, string> | undefined; }) => Promise<NextResponse<unknown>>'.
  Type 'Promise<NextResponse<ApiSuccessResponse<{ sessions: SessionDocument[]; activeCount: number; total: number; }>>>' is not assignable to type 'Promise<NextResponse<unknown>>'.
    Property '[INTERNALS]' is missing in type 'NextResponse<ApiSuccessResponse<{ sessions: SessionDocument[]; activeCount: number; total: number; }>>' but required in type 'NextResponse<unknown>'.
src/app/api/user/wishlist/[productId]/route.ts(16,3): error TS2322: Type '({ request, user, params }: { request: Request; user?: RouteUser | undefined; body?: undefined; params?: { productId: string; } | undefined; }) => Promise<NextResponse<ApiErrorResponse> | NextResponse<...>>' is not assignable to type '(ctx: { request: Request; user?: RouteUser | undefined; body?: undefined; params?: { productId: string; } | undefined; }) => Promise<NextResponse<unknown>>'.
  Type 'Promise<NextResponse<ApiErrorResponse> | NextResponse<ApiSuccessResponse<{ inWishlist: boolean; productId: string; }>>>' is not assignable to type 'Promise<NextResponse<unknown>>'.
    Type 'NextResponse<ApiErrorResponse> | NextResponse<ApiSuccessResponse<{ inWishlist: boolean; productId: string; }>>' is not assignable to type 'NextResponse<unknown>'.
      Property '[INTERNALS]' is missing in type 'NextResponse<ApiErrorResponse>' but required in type 'NextResponse<unknown>'.
src/app/api/user/wishlist/[productId]/route.ts(30,3): error TS2322: Type '({ request, user, params }: { request: Request; user?: RouteUser | undefined; body?: undefined; params?: { productId: string; } | undefined; }) => Promise<NextResponse<ApiErrorResponse> | NextResponse<...>>' is not assignable to type '(ctx: { request: Request; user?: RouteUser | undefined; body?: undefined; params?: { productId: string; } | undefined; }) => Promise<NextResponse<unknown>>'.
  Type 'Promise<NextResponse<ApiErrorResponse> | NextResponse<ApiSuccessResponse<{ productId: string; }>>>' is not assignable to type 'Promise<NextResponse<unknown>>'.
    Type 'NextResponse<ApiErrorResponse> | NextResponse<ApiSuccessResponse<{ productId: string; }>>' is not assignable to type 'NextResponse<unknown>'.
      Property '[INTERNALS]' is missing in type 'NextResponse<ApiErrorResponse>' but required in type 'NextResponse<unknown>'.
src/app/api/user/wishlist/route.ts(28,3): error TS2322: Type '({ user }: { request: Request; user?: RouteUser | undefined; body?: unknown; params?: Record<string, string> | undefined; }) => Promise<NextResponse<ApiSuccessResponse<{ items: { product: ProductDocument | null; productId: string; addedAt: Date; }[]; meta: { ...; }; }>>>' is not assignable to type '(ctx: { request: Request; user?: RouteUser | undefined; body?: unknown; params?: Record<string, string> | undefined; }) => Promise<NextResponse<unknown>>'.
  Type 'Promise<NextResponse<ApiSuccessResponse<{ items: { product: ProductDocument | null; productId: string; addedAt: Date; }[]; meta: { total: number; }; }>>>' is not assignable to type 'Promise<NextResponse<unknown>>'.
    Property '[INTERNALS]' is missing in type 'NextResponse<ApiSuccessResponse<{ items: { product: ProductDocument | null; productId: string; addedAt: Date; }[]; meta: { total: number; }; }>>' but required in type 'NextResponse<unknown>'.
src/app/api/user/wishlist/route.ts(60,3): error TS2322: Type '({ user, body }: { request: Request; user?: RouteUser | undefined; body?: { productId: string; } | undefined; params?: Record<string, string> | undefined; }) => Promise<NextResponse<...> | NextResponse<...>>' is not assignable to type '(ctx: { request: Request; user?: RouteUser | undefined; body?: { productId: string; } | undefined; params?: Record<string, string> | undefined; }) => Promise<NextResponse<...>>'.
  Type 'Promise<NextResponse<ApiErrorResponse> | NextResponse<ApiSuccessResponse<{ productId: string; }>>>' is not assignable to type 'Promise<NextResponse<unknown>>'.
    Type 'NextResponse<ApiErrorResponse> | NextResponse<ApiSuccessResponse<{ productId: string; }>>' is not assignable to type 'NextResponse<unknown>'.
      Property '[INTERNALS]' is missing in type 'NextResponse<ApiErrorResponse>' but required in type 'NextResponse<unknown>'.
src/app/sitemap.ts(222,31): error TS7006: Parameter 'doc' implicitly has an 'any' type.
src/app/sitemap.ts(249,31): error TS7006: Parameter 'doc' implicitly has an 'any' type.
src/app/sitemap.ts(277,31): error TS7006: Parameter 'doc' implicitly has an 'any' type.
src/app/sitemap.ts(312,31): error TS7006: Parameter 'doc' implicitly has an 'any' type.
src/app/sitemap.ts(362,31): error TS7006: Parameter 'doc' implicitly has an 'any' type.
src/app/sitemap.ts(390,31): error TS7006: Parameter 'doc' implicitly has an 'any' type.
src/components/pre-orders/PreOrderCard.tsx(6,10): error TS2724: '"@mohasinac/appkit/features/pre-orders"' has no exported member named 'PreOrderTag'. Did you mean 'PreorderBadge'?
src/components/ui/ViewToggle.tsx(46,9): error TS2353: Object literal may only specify known properties, and 'grid' does not exist in type 'ViewToggleLabels'.
src/features/products/components/ProductsView.tsx(265,15): error TS2322: Type '"grid" | "list"' is not assignable to type 'ViewMode$1'.
  Type '"grid"' is not assignable to type 'ViewMode$1'.
src/features/search/components/SearchResultsSection.tsx(48,3): error TS2322: Type '"grid"' is not assignable to type 'ViewMode$1'.
src/features/search/components/SearchResultsSection.tsx(76,11): error TS2322: Type 'ViewMode$1' is not assignable to type '"grid" | "list" | undefined'.
  Type '"card"' is not assignable to type '"grid" | "list" | undefined'.
src/features/stores/components/StoreAuctionsView.tsx(185,11): error TS2322: Type 'ViewMode$1' is not assignable to type '"grid" | "list" | undefined'.
  Type '"card"' is not assignable to type '"grid" | "list" | undefined'.
src/features/stores/components/StoreProductsView.tsx(320,11): error TS2322: Type 'ViewMode$1' is not assignable to type '"grid" | "list" | undefined'.
  Type '"card"' is not assignable to type '"grid" | "list" | undefined'.
src/features/wishlist/components/WishlistView.tsx(347,15): error TS2322: Type 'ViewMode$1' is not assignable to type '"grid" | "list" | undefined'.
  Type '"card"' is not assignable to type '"grid" | "list" | undefined'.
src/helpers/logging/error-logger.ts(11,27): error TS2307: Cannot find module '@mohasinac/security/pii-redact' or its corresponding type declarations.
src/hooks/useNavSuggestions.ts(7,8): error TS2307: Cannot find module '@mohasinac/search-algolia/browser' or its corresponding type declarations.
src/lib/consent-otp.ts(116,34): error TS7006: Parameter 'tx' implicitly has an 'any' type.
src/lib/server-logger.ts(18,27): error TS2307: Cannot find module '@mohasinac/security/pii-redact' or its corresponding type declarations.
src/lib/shiprocket/types.ts(2,3): error TS2305: Module '"@mohasinac/appkit/providers/shipping-shiprocket"' has no exported member 'ShiprocketAuthRequest'.
src/lib/shiprocket/types.ts(3,3): error TS2305: Module '"@mohasinac/appkit/providers/shipping-shiprocket"' has no exported member 'ShiprocketAuthResponse'.
src/lib/shiprocket/types.ts(4,3): error TS2724: '"@mohasinac/appkit/providers/shipping-shiprocket"' has no exported member named 'ShiprocketPickupLocation'. Did you mean 'shiprocketAddPickupLocation'?
src/lib/shiprocket/types.ts(5,3): error TS2724: '"@mohasinac/appkit/providers/shipping-shiprocket"' has no exported member named 'ShiprocketPickupLocationsResponse'. Did you mean 'shiprocketGetPickupLocations'?
src/lib/shiprocket/types.ts(6,3): error TS2305: Module '"@mohasinac/appkit/providers/shipping-shiprocket"' has no exported member 'ShiprocketAddPickupRequest'.
src/lib/shiprocket/types.ts(7,3): error TS2305: Module '"@mohasinac/appkit/providers/shipping-shiprocket"' has no exported member 'ShiprocketAddPickupResponse'.
src/lib/shiprocket/types.ts(8,3): error TS2724: '"@mohasinac/appkit/providers/shipping-shiprocket"' has no exported member named 'ShiprocketVerifyPickupOTPRequest'. Did you mean 'shiprocketVerifyPickupOTP'?
src/lib/shiprocket/types.ts(9,3): error TS2724: '"@mohasinac/appkit/providers/shipping-shiprocket"' has no exported member named 'ShiprocketVerifyPickupOTPResponse'. Did you mean 'shiprocketVerifyPickupOTP'?
src/lib/shiprocket/types.ts(10,3): error TS2305: Module '"@mohasinac/appkit/providers/shipping-shiprocket"' has no exported member 'ShiprocketOrderItem'.
src/lib/shiprocket/types.ts(11,3): error TS2724: '"@mohasinac/appkit/providers/shipping-shiprocket"' has no exported member named 'ShiprocketCreateOrderRequest'. Did you mean 'shiprocketCreateOrder'?
src/lib/shiprocket/types.ts(12,3): error TS2724: '"@mohasinac/appkit/providers/shipping-shiprocket"' has no exported member named 'ShiprocketCreateOrderResponse'. Did you mean 'shiprocketCreateOrder'?
src/lib/shiprocket/types.ts(13,3): error TS2724: '"@mohasinac/appkit/providers/shipping-shiprocket"' has no exported member named 'ShiprocketGenerateAWBRequest'. Did you mean 'shiprocketGenerateAWB'?
src/lib/shiprocket/types.ts(14,3): error TS2305: Module '"@mohasinac/appkit/providers/shipping-shiprocket"' has no exported member 'ShiprocketAWBResponse'.
src/lib/shiprocket/types.ts(15,3): error TS2724: '"@mohasinac/appkit/providers/shipping-shiprocket"' has no exported member named 'ShiprocketGeneratePickupRequest'. Did you mean 'shiprocketGeneratePickup'?
src/lib/shiprocket/types.ts(16,3): error TS2305: Module '"@mohasinac/appkit/providers/shipping-shiprocket"' has no exported member 'ShiprocketPickupResponse'.
src/lib/shiprocket/types.ts(17,3): error TS2305: Module '"@mohasinac/appkit/providers/shipping-shiprocket"' has no exported member 'ShiprocketTrackActivity'.
src/lib/shiprocket/types.ts(18,3): error TS2305: Module '"@mohasinac/appkit/providers/shipping-shiprocket"' has no exported member 'ShiprocketShipmentTrack'.
src/lib/shiprocket/types.ts(19,3): error TS2305: Module '"@mohasinac/appkit/providers/shipping-shiprocket"' has no exported member 'ShiprocketTrackingResponse'.
src/lib/shiprocket/types.ts(20,3): error TS2305: Module '"@mohasinac/appkit/providers/shipping-shiprocket"' has no exported member 'ShiprocketCourierServiceabilityResponse'.
src/lib/shiprocket/types.ts(21,3): error TS2305: Module '"@mohasinac/appkit/providers/shipping-shiprocket"' has no exported member 'ShiprocketWebhookPayload'.
src/repositories/address.repository.ts(63,33): error TS7006: Parameter 'doc' implicitly has an 'any' type.
src/repositories/address.repository.ts(295,30): error TS7006: Parameter 'doc' implicitly has an 'any' type.
src/repositories/address.repository.ts(323,30): error TS7006: Parameter 'doc' implicitly has an 'any' type.
src/repositories/store-address.repository.ts(65,33): error TS7006: Parameter 'doc' implicitly has an 'any' type.
src/repositories/store-address.repository.ts(256,30): error TS7006: Parameter 'doc' implicitly has an 'any' type.
src/repositories/wishlist.repository.ts(38,33): error TS7006: Parameter 'doc' implicitly has an 'any' type.
src/repositories/wishlist.repository.ts(111,30): error TS7006: Parameter 'doc' implicitly has an 'any' type.
src/utils/index.ts(25,27): error TS2307: Cannot find module '@mohasinac/security/pii-redact' or its corresponding type declarations.
